Component: ARM Compiler 5.05 update 2 (build 169) Tool: armlink [4d0f33]

==============================================================================

Section Cross References

    startup_stm32f10x_hd.o(RESET) refers to startup_stm32f10x_hd.o(STACK) for __initial_sp
    startup_stm32f10x_hd.o(RESET) refers to startup_stm32f10x_hd.o(.text) for Reset_Handler
    startup_stm32f10x_hd.o(RESET) refers to stm32f10x_it.o(i.NMI_Handler) for NMI_Handler
    startup_stm32f10x_hd.o(RESET) refers to stm32f10x_it.o(i.HardFault_Handler) for HardFault_Handler
    startup_stm32f10x_hd.o(RESET) refers to stm32f10x_it.o(i.MemManage_Handler) for MemManage_Handler
    startup_stm32f10x_hd.o(RESET) refers to stm32f10x_it.o(i.BusFault_Handler) for BusFault_Handler
    startup_stm32f10x_hd.o(RESET) refers to stm32f10x_it.o(i.UsageFault_Handler) for UsageFault_Handler
    startup_stm32f10x_hd.o(RESET) refers to stm32f10x_it.o(i.SVC_Handler) for SVC_Handler
    startup_stm32f10x_hd.o(RESET) refers to stm32f10x_it.o(i.DebugMon_Handler) for DebugMon_Handler
    startup_stm32f10x_hd.o(RESET) refers to stm32f10x_it.o(i.PendSV_Handler) for PendSV_Handler
    startup_stm32f10x_hd.o(RESET) refers to stm32f10x_it.o(i.SysTick_Handler) for SysTick_Handler
    startup_stm32f10x_hd.o(RESET) refers to stm32f10x_it.o(i.EXTI3_IRQHandler) for EXTI3_IRQHandler
    startup_stm32f10x_hd.o(RESET) refers to stm32f10x_it.o(i.SDIO_IRQHandler) for SDIO_IRQHandler
    startup_stm32f10x_hd.o(.text) refers to system_stm32f10x.o(i.SystemInit) for SystemInit
    startup_stm32f10x_hd.o(.text) refers to entry.o(.ARM.Collect$$$$00000000) for __main
    system_stm32f10x.o(i.SetSysClock) refers to system_stm32f10x.o(i.SetSysClockTo72) for SetSysClockTo72
    system_stm32f10x.o(i.SystemCoreClockUpdate) refers to system_stm32f10x.o(.data) for SystemCoreClock
    system_stm32f10x.o(i.SystemInit) refers to system_stm32f10x.o(i.SetSysClock) for SetSysClock
    stm32f10x_adc.o(i.ADC_DeInit) refers to stm32f10x_rcc.o(i.RCC_APB2PeriphResetCmd) for RCC_APB2PeriphResetCmd
    stm32f10x_bkp.o(i.BKP_DeInit) refers to stm32f10x_rcc.o(i.RCC_BackupResetCmd) for RCC_BackupResetCmd
    stm32f10x_can.o(i.CAN_DeInit) refers to stm32f10x_rcc.o(i.RCC_APB1PeriphResetCmd) for RCC_APB1PeriphResetCmd
    stm32f10x_can.o(i.CAN_GetITStatus) refers to stm32f10x_can.o(i.CheckITStatus) for CheckITStatus
    stm32f10x_cec.o(i.CEC_DeInit) refers to stm32f10x_rcc.o(i.RCC_APB1PeriphResetCmd) for RCC_APB1PeriphResetCmd
    stm32f10x_dac.o(i.DAC_DeInit) refers to stm32f10x_rcc.o(i.RCC_APB1PeriphResetCmd) for RCC_APB1PeriphResetCmd
    stm32f10x_flash.o(i.FLASH_EnableWriteProtection) refers to stm32f10x_flash.o(i.FLASH_WaitForLastOperation) for FLASH_WaitForLastOperation
    stm32f10x_flash.o(i.FLASH_EraseAllBank1Pages) refers to stm32f10x_flash.o(i.FLASH_WaitForLastBank1Operation) for FLASH_WaitForLastBank1Operation
    stm32f10x_flash.o(i.FLASH_EraseAllPages) refers to stm32f10x_flash.o(i.FLASH_WaitForLastOperation) for FLASH_WaitForLastOperation
    stm32f10x_flash.o(i.FLASH_EraseOptionBytes) refers to stm32f10x_flash.o(i.FLASH_GetReadOutProtectionStatus) for FLASH_GetReadOutProtectionStatus
    stm32f10x_flash.o(i.FLASH_EraseOptionBytes) refers to stm32f10x_flash.o(i.FLASH_WaitForLastOperation) for FLASH_WaitForLastOperation
    stm32f10x_flash.o(i.FLASH_ErasePage) refers to stm32f10x_flash.o(i.FLASH_WaitForLastOperation) for FLASH_WaitForLastOperation
    stm32f10x_flash.o(i.FLASH_ProgramHalfWord) refers to stm32f10x_flash.o(i.FLASH_WaitForLastOperation) for FLASH_WaitForLastOperation
    stm32f10x_flash.o(i.FLASH_ProgramOptionByteData) refers to stm32f10x_flash.o(i.FLASH_WaitForLastOperation) for FLASH_WaitForLastOperation
    stm32f10x_flash.o(i.FLASH_ProgramWord) refers to stm32f10x_flash.o(i.FLASH_WaitForLastOperation) for FLASH_WaitForLastOperation
    stm32f10x_flash.o(i.FLASH_ReadOutProtection) refers to stm32f10x_flash.o(i.FLASH_WaitForLastOperation) for FLASH_WaitForLastOperation
    stm32f10x_flash.o(i.FLASH_UserOptionByteConfig) refers to stm32f10x_flash.o(i.FLASH_WaitForLastOperation) for FLASH_WaitForLastOperation
    stm32f10x_flash.o(i.FLASH_WaitForLastBank1Operation) refers to stm32f10x_flash.o(i.FLASH_GetBank1Status) for FLASH_GetBank1Status
    stm32f10x_flash.o(i.FLASH_WaitForLastOperation) refers to stm32f10x_flash.o(i.FLASH_GetBank1Status) for FLASH_GetBank1Status
    stm32f10x_gpio.o(i.GPIO_AFIODeInit) refers to stm32f10x_rcc.o(i.RCC_APB2PeriphResetCmd) for RCC_APB2PeriphResetCmd
    stm32f10x_gpio.o(i.GPIO_DeInit) refers to stm32f10x_rcc.o(i.RCC_APB2PeriphResetCmd) for RCC_APB2PeriphResetCmd
    stm32f10x_i2c.o(i.I2C_DeInit) refers to stm32f10x_rcc.o(i.RCC_APB1PeriphResetCmd) for RCC_APB1PeriphResetCmd
    stm32f10x_i2c.o(i.I2C_Init) refers to stm32f10x_rcc.o(i.RCC_GetClocksFreq) for RCC_GetClocksFreq
    stm32f10x_pwr.o(i.PWR_DeInit) refers to stm32f10x_rcc.o(i.RCC_APB1PeriphResetCmd) for RCC_APB1PeriphResetCmd
[...]
    .ARM.Collect$$$$00000008                 0x08000138   Section        0  entry7b.o(.ARM.Collect$$$$00000008)
    .ARM.Collect$$$$0000000A                 0x08000138   Section        0  entry8b.o(.ARM.Collect$$$$0000000A)
    .ARM.Collect$$$$0000000B                 0x08000138   Section        8  entry9a.o(.ARM.Collect$$$$0000000B)
    .ARM.Collect$$$$0000000D                 0x08000140   Section        0  entry10a.o(.ARM.Collect$$$$0000000D)
    .ARM.Collect$$$$0000000F                 0x08000140   Section        0  entry11a.o(.ARM.Collect$$$$0000000F)
    .ARM.Collect$$$$00002712                 0x08000140   Section        4  entry2.o(.ARM.Collect$$$$00002712)
    __lit__00000000                          0x08000140   Data           4  entry2.o(.ARM.Collect$$$$00002712)
    .text                                    0x08000144   Section       36  startup_stm32f10x_hd.o(.text)
    .text                                    0x08000168   Section        0  memcpya.o(.text)
    .text                                    0x0800018c   Section        0  fadd.o(.text)
    .text                                    0x0800023c   Section        0  fdiv.o(.text)
    .text                                    0x080002b8   Section        0  f2d.o(.text)
    .text                                    0x080002de   Section        0  uidiv.o(.text)
    .text                                    0x0800030a   Section        0  uldiv.o(.text)
    .text                                    0x0800036c   Section        0  fepilogue.o(.text)
    .text                                    0x0800036c   Section        0  iusefp.o(.text)
    .text                                    0x080003da   Section        0  dadd.o(.text)
    .text                                    0x08000528   Section        0  dmul.o(.text)
    .text                                    0x0800060c   Section        0  ddiv.o(.text)
    .text                                    0x080006ea   Section        0  dfixul.o(.text)
    .text                                    0x0800071c   Section       48  cdrcmple.o(.text)
    .text                                    0x0800074c   Section       36  init.o(.text)
    .text                                    0x08000770   Section        0  llshl.o(.text)
    .text                                    0x0800078e   Section        0  llushr.o(.text)
    .text                                    0x080007ae   Section        0  llsshr.o(.text)
    .text                                    0x080007d2   Section        0  depilogue.o(.text)
    .text                                    0x0800088c   Section        0  __dczerorl2.o(.text)
    i.BusFault_Handler                       0x080008e2   Section        0  stm32f10x_it.o(i.BusFault_Handler)
    i.CmdError                               0x080008e6   Section        0  bsp_sdio_sdcard.o(i.CmdError)
    CmdError                                 0x080008e7   Thumb Code    44  bsp_sdio_sdcard.o(i.CmdError)
    i.CmdResp1Error                          0x08000914   Section        0  bsp_sdio_sdcard.o(i.CmdResp1Error)
    CmdResp1Error                            0x08000915   Thumb Code    36  bsp_sdio_sdcard.o(i.CmdResp1Error)
    i.CmdResp2Error                          0x0800093c   Section        0  bsp_sdio_sdcard.o(i.CmdResp2Error)
    CmdResp2Error                            0x0800093d   Thumb Code    70  bsp_sdio_sdcard.o(i.CmdResp2Error)
    i.CmdResp3Error                          0x08000988   Section        0  bsp_sdio_sdcard.o(i.CmdResp3Error)
    CmdResp3Error                            0x08000989   Thumb Code    52  bsp_sdio_sdcard.o(i.CmdResp3Error)
    i.CmdResp6Error                          0x080009c0   Section        0  bsp_sdio_sdcard.o(i.CmdResp6Error)
    CmdResp6Error                            0x080009c1   Thumb Code   152  bsp_sdio_sdcard.o(i.CmdResp6Error)
    i.CmdResp7Error                          0x08000a5c   Section        0  bsp_sdio_sdcard.o(i.CmdResp7Error)
    CmdResp7Error                            0x08000a5d   Thumb Code    72  bsp_sdio_sdcard.o(i.CmdResp7Error)
    i.DMA_ClearFlag                          0x08000aa8   Section        0  stm32f10x_dma.o(i.DMA_ClearFlag)
    i.DMA_Cmd                                0x08000ac4   Section        0  stm32f10x_dma.o(i.DMA_Cmd)
    i.DMA_GetFlagStatus                      0x08000adc   Section        0  stm32f10x_dma.o(i.DMA_GetFlagStatus)
    i.DMA_Init                               0x08000b08   Section        0  stm32f10x_dma.o(i.DMA_Init)
    i.DebugMon_Handler                       0x08000b44   Section        0  stm32f10x_it.o(i.DebugMon_Handler)
    i.EXTI3_IRQHandler                       0x08000b48   Section        0  stm32f10x_it.o(i.EXTI3_IRQHandler)
    i.EXTI_ClearITPendingBit                 0x08000ba4   Section        0  stm32f10x_exti.o(i.EXTI_ClearITPendingBit)
    i.EXTI_GenerateSWInterrupt               0x08000bb0   Section        0  stm32f10x_exti.o(i.EXTI_GenerateSWInterrupt)
    i.EXTI_GetITStatus                       0x08000bc0   Section        0  stm32f10x_exti.o(i.EXTI_GetITStatus)
    i.EXTI_Init                              0x08000be8   Section        0  stm32f10x_exti.o(i.EXTI_Init)
    i.FIFO_GPIO_Config                       0x08000c7c   Section        0  bsp_ov7725.o(i.FIFO_GPIO_Config)
    FIFO_GPIO_Config                         0x08000c7d   Thumb Code   136  bsp_ov7725.o(i.FIFO_GPIO_Config)
    i.FSMC_NORSRAMCmd                        0x08000d14   Section        0  stm32f10x_fsmc.o(i.FSMC_NORSRAMCmd)
    i.FSMC_NORSRAMInit                       0x08000d48   Section        0  stm32f10x_fsmc.o(i.FSMC_NORSRAMInit)
    i.FindSCR                                0x08000e30   Section        0  bsp_sdio_sdcard.o(i.FindSCR)
    FindSCR                                  0x08000e31   Thumb Code   394  bsp_sdio_sdcard.o(i.FindSCR)
    i.GPIO_Configuration                     0x08000fcc   Section        0  bsp_sdio_sdcard.o(i.GPIO_Configuration)
    GPIO_Configuration                       0x08000fcd   Thumb Code    70  bsp_sdio_sdcard.o(i.GPIO_Configuration)
    i.GPIO_EXTILineConfig                    0x0800101c   Section        0  stm32f10x_gpio.o(i.GPIO_EXTILineConfig)
    i.GPIO_Init                              0x0800105c   Section        0  stm32f10x_gpio.o(i.GPIO_Init)
    i.GPIO_ReadInputDataBit                  0x08001172   Section        0  stm32f10x_gpio.o(i.GPIO_ReadInputDataBit)
    i.GPIO_ResetBits                         0x08001184   Section        0  stm32f10x_gpio.o(i.GPIO_ResetBits)
    i.GPIO_SetBits                           0x08001188   Section        0  stm32f10x_gpio.o(i.GPIO_SetBits)
    i.HardFault_Handler                      0x0800118c   Section        0  stm32f10x_it.o(i.HardFault_Handler)
    i.ILI9341_BackLed_Control                0x08001190   Section        0  bsp_ili9341_lcd.o(i.ILI9341_BackLed_Control)
    i.ILI9341_Clear                          0x080011b4   Section        0  bsp_ili9341_lcd.o(i.ILI9341_Clear)
    i.ILI9341_Delay                          0x080011e0   Section        0  bsp_ili9341_lcd.o(i.ILI9341_Delay)
    ILI9341_Delay                            0x080011e1   Thumb Code    18  bsp_ili9341_lcd.o(i.ILI9341_Delay)
    i.ILI9341_DispChar_EN                    0x080011f4   Section        0  bsp_ili9341_lcd.o(i.ILI9341_DispChar_EN)
    i.ILI9341_DispStringLine_EN              0x0800128c   Section        0  bsp_ili9341_lcd.o(i.ILI9341_DispStringLine_EN)
    i.ILI9341_FSMC_Config                    0x080012f4   Section        0  bsp_ili9341_lcd.o(i.ILI9341_FSMC_Config)
    ILI9341_FSMC_Config                      0x080012f5   Thumb Code    94  bsp_ili9341_lcd.o(i.ILI9341_FSMC_Config)
    i.ILI9341_FillColor                      0x08001352   Section        0  bsp_ili9341_lcd.o(i.ILI9341_FillColor)
    ILI9341_FillColor                        0x08001353   Thumb Code    32  bsp_ili9341_lcd.o(i.ILI9341_FillColor)
    i.ILI9341_GPIO_Config                    0x08001374   Section        0  bsp_ili9341_lcd.o(i.ILI9341_GPIO_Config)
    ILI9341_GPIO_Config                      0x08001375   Thumb Code   398  bsp_ili9341_lcd.o(i.ILI9341_GPIO_Config)
    i.ILI9341_GetPointPixel                  0x0800150c   Section        0  bsp_ili9341_lcd.o(i.ILI9341_GetPointPixel)
    i.ILI9341_GramScan                       0x08001524   Section        0  bsp_ili9341_lcd.o(i.ILI9341_GramScan)
    i.ILI9341_Init                           0x080015dc   Section        0  bsp_ili9341_lcd.o(i.ILI9341_Init)
    i.ILI9341_OpenWindow                     0x08001604   Section        0  bsp_ili9341_lcd.o(i.ILI9341_OpenWindow)
    i.ILI9341_REG_Config                     0x0800165c   Section        0  bsp_ili9341_lcd.o(i.ILI9341_REG_Config)
    ILI9341_REG_Config                       0x0800165d   Thumb Code   556  bsp_ili9341_lcd.o(i.ILI9341_REG_Config)
    i.ILI9341_Read_Data                      0x0800188c   Section        0  bsp_ili9341_lcd.o(i.ILI9341_Read_Data)
    i.ILI9341_Read_PixelData                 0x08001898   Section        0  bsp_ili9341_lcd.o(i.ILI9341_Read_PixelData)
    ILI9341_Read_PixelData                   0x08001899   Thumb Code    54  bsp_ili9341_lcd.o(i.ILI9341_Read_PixelData)
    i.ILI9341_Rst                            0x080018d0   Section        0  bsp_ili9341_lcd.o(i.ILI9341_Rst)
    i.ILI9341_SetCursor                      0x080018f8   Section        0  bsp_ili9341_lcd.o(i.ILI9341_SetCursor)
    ILI9341_SetCursor                        0x080018f9   Thumb Code    20  bsp_ili9341_lcd.o(i.ILI9341_SetCursor)
    i.ILI9341_Write_Cmd                      0x0800190c   Section        0  bsp_ili9341_lcd.o(i.ILI9341_Write_Cmd)
    i.ILI9341_Write_Data                     0x08001914   Section        0  bsp_ili9341_lcd.o(i.ILI9341_Write_Data)
    i.ImagDisp                               0x08001920   Section        0  bsp_ov7725.o(i.ImagDisp)
    i.Key_GPIO_Config                        0x08001994   Section        0  bsp_key.o(i.Key_GPIO_Config)
    i.Key_Scan                               0x080019d4   Section        0  bsp_key.o(i.Key_Scan)
    i.LCD_GetFont                            0x080019fc   Section        0  bsp_ili9341_lcd.o(i.LCD_GetFont)
    i.LCD_SetColors                          0x08001a08   Section        0  bsp_ili9341_lcd.o(i.LCD_SetColors)
    i.LCD_SetFont                            0x08001a1c   Section        0  bsp_ili9341_lcd.o(i.LCD_SetFont)
    i.LED_GPIO_Config                        0x08001a28   Section        0  bsp_led.o(i.LED_GPIO_Config)
    i.MemManage_Handler                      0x08001a88   Section        0  stm32f10x_it.o(i.MemManage_Handler)
    i.NMI_Handler                            0x08001a8c   Section        0  stm32f10x_it.o(i.NMI_Handler)
    i.NVIC_Configuration                     0x08001a8e   Section        0  bsp_sdio_sdcard.o(i.NVIC_Configuration)
    NVIC_Configuration                       0x08001a8f   Thumb Code    40  bsp_sdio_sdcard.o(i.NVIC_Configuration)
    i.NVIC_Init                              0x08001ab8   Section        0  misc.o(i.NVIC_Init)
    i.NVIC_PriorityGroupConfig               0x08001b28   Section        0  misc.o(i.NVIC_PriorityGroupConfig)
    i.OV7725_Brightness                      0x08001b3c   Section        0  bsp_ov7725.o(i.OV7725_Brightness)
    i.OV7725_Color_Saturation                0x08001ba4   Section        0  bsp_ov7725.o(i.OV7725_Color_Saturation)
    i.OV7725_Contrast                        0x08001bd2   Section        0  bsp_ov7725.o(i.OV7725_Contrast)
    i.OV7725_GPIO_Config                     0x08001bfa   Section        0  bsp_ov7725.o(i.OV7725_GPIO_Config)
    i.OV7725_Init                            0x08001c0c   Section        0  bsp_ov7725.o(i.OV7725_Init)
    i.OV7725_Light_Mode                      0x08001c74   Section        0  bsp_ov7725.o(i.OV7725_Light_Mode)
    i.OV7725_Special_Effect                  0x08001d8e   Section        0  bsp_ov7725.o(i.OV7725_Special_Effect)
    i.OV7725_Window_Set                      0x08001e52   Section        0  bsp_ov7725.o(i.OV7725_Window_Set)
    i.PendSV_Handler                         0x08001f3a   Section        0  stm32f10x_it.o(i.PendSV_Handler)
    i.RCC_AHBPeriphClockCmd                  0x08001f3c   Section        0  stm32f10x_rcc.o(i.RCC_AHBPeriphClockCmd)
    i.RCC_APB2PeriphClockCmd                 0x08001f5c   Section        0  stm32f10x_rcc.o(i.RCC_APB2PeriphClockCmd)
    i.RCC_GetClocksFreq                      0x08001f7c   Section        0  stm32f10x_rcc.o(i.RCC_GetClocksFreq)
    i.SCCB_Ack                               0x08002050   Section        0  bsp_sccb.o(i.SCCB_Ack)
    SCCB_Ack                                 0x08002051   Thumb Code    52  bsp_sccb.o(i.SCCB_Ack)
    i.SCCB_GPIO_Config                       0x08002088   Section        0  bsp_sccb.o(i.SCCB_GPIO_Config)
    i.SCCB_NoAck                             0x080020c8   Section        0  bsp_sccb.o(i.SCCB_NoAck)
    SCCB_NoAck                               0x080020c9   Thumb Code    52  bsp_sccb.o(i.SCCB_NoAck)
    i.SCCB_ReadByte                          0x08002100   Section        0  bsp_sccb.o(i.SCCB_ReadByte)
    i.SCCB_ReceiveByte                       0x0800217c   Section        0  bsp_sccb.o(i.SCCB_ReceiveByte)
    SCCB_ReceiveByte                         0x0800217d   Thumb Code    80  bsp_sccb.o(i.SCCB_ReceiveByte)
    i.SCCB_SendByte                          0x080021d0   Section        0  bsp_sccb.o(i.SCCB_SendByte)
    SCCB_SendByte                            0x080021d1   Thumb Code    84  bsp_sccb.o(i.SCCB_SendByte)
    i.SCCB_Start                             0x08002228   Section        0  bsp_sccb.o(i.SCCB_Start)
    SCCB_Start                               0x08002229   Thumb Code    78  bsp_sccb.o(i.SCCB_Start)
    i.SCCB_Stop                              0x0800227c   Section        0  bsp_sccb.o(i.SCCB_Stop)
    SCCB_Stop                                0x0800227d   Thumb Code    52  bsp_sccb.o(i.SCCB_Stop)
    i.SCCB_WaitAck                           0x080022b4   Section        0  bsp_sccb.o(i.SCCB_WaitAck)
    SCCB_WaitAck                             0x080022b5   Thumb Code    72  bsp_sccb.o(i.SCCB_WaitAck)
    i.SCCB_WriteByte                         0x08002300   Section        0  bsp_sccb.o(i.SCCB_WriteByte)
    i.SCCB_delay                             0x08002340   Section        0  bsp_sccb.o(i.SCCB_delay)
    SCCB_delay                               0x08002341   Thumb Code    16  bsp_sccb.o(i.SCCB_delay)
    i.SDEnWideBus                            0x08002350   Section        0  bsp_sdio_sdcard.o(i.SDEnWideBus)
    SDEnWideBus                              0x08002351   Thumb Code   274  bsp_sdio_sdcard.o(i.SDEnWideBus)
    i.SDIO_ClearFlag                         0x0800246c   Section        0  stm32f10x_sdio.o(i.SDIO_ClearFlag)
    i.SDIO_ClearITPendingBit                 0x08002478   Section        0  stm32f10x_sdio.o(i.SDIO_ClearITPendingBit)
    i.SDIO_ClockCmd                          0x08002484   Section        0  stm32f10x_sdio.o(i.SDIO_ClockCmd)
    i.SDIO_DMACmd                            0x08002490   Section        0  stm32f10x_sdio.o(i.SDIO_DMACmd)
    i.SDIO_DataConfig                        0x0800249c   Section        0  stm32f10x_sdio.o(i.SDIO_DataConfig)
    i.SDIO_DeInit                            0x080024cc   Section        0  stm32f10x_sdio.o(i.SDIO_DeInit)
    i.SDIO_GetCommandResponse                0x080024f0   Section        0  stm32f10x_sdio.o(i.SDIO_GetCommandResponse)
    i.SDIO_GetFlagStatus                     0x080024fc   Section        0  stm32f10x_sdio.o(i.SDIO_GetFlagStatus)
    i.SDIO_GetPowerState                     0x08002514   Section        0  stm32f10x_sdio.o(i.SDIO_GetPowerState)
    i.SDIO_GetResponse                       0x08002524   Section        0  stm32f10x_sdio.o(i.SDIO_GetResponse)
    i.SDIO_IRQHandler                        0x0800253c   Section        0  stm32f10x_it.o(i.SDIO_IRQHandler)
    i.SDIO_ITConfig                          0x08002544   Section        0  stm32f10x_sdio.o(i.SDIO_ITConfig)
    i.SDIO_Init                              0x08002564   Section        0  stm32f10x_sdio.o(i.SDIO_Init)
    i.SDIO_ReadData                          0x08002594   Section        0  stm32f10x_sdio.o(i.SDIO_ReadData)
    i.SDIO_SendCommand                       0x080025a0   Section        0  stm32f10x_sdio.o(i.SDIO_SendCommand)
    i.SDIO_SetPowerState                     0x080025cc   Section        0  stm32f10x_sdio.o(i.SDIO_SetPowerState)
    i.SD_DMAEndOfTransferStatus              0x080025e8   Section        0  bsp_sdio_sdcard.o(i.SD_DMAEndOfTransferStatus)
    SD_DMAEndOfTransferStatus                0x080025e9   Thumb Code    10  bsp_sdio_sdcard.o(i.SD_DMAEndOfTransferStatus)
    i.SD_DMA_RxConfig                        0x080025f8   Section        0  bsp_sdio_sdcard.o(i.SD_DMA_RxConfig)
    SD_DMA_RxConfig                          0x080025f9   Thumb Code    86  bsp_sdio_sdcard.o(i.SD_DMA_RxConfig)
    i.SD_DMA_TxConfig                        0x0800265c   Section        0  bsp_sdio_sdcard.o(i.SD_DMA_TxConfig)
    SD_DMA_TxConfig                          0x0800265d   Thumb Code    86  bsp_sdio_sdcard.o(i.SD_DMA_TxConfig)
    i.SD_EnableWideBusOperation              0x080026c0   Section        0  bsp_sdio_sdcard.o(i.SD_EnableWideBusOperation)
    i.SD_GetCardInfo                         0x08002754   Section        0  bsp_sdio_sdcard.o(i.SD_GetCardInfo)
    i.SD_GetState                            0x08002a20   Section        0  bsp_sdio_sdcard.o(i.SD_GetState)
    i.SD_GetStatus                           0x08002a3a   Section        0  bsp_sdio_sdcard.o(i.SD_GetStatus)
    i.SD_Init                                0x08002a58   Section        0  bsp_sdio_sdcard.o(i.SD_Init)
    i.SD_InitializeCards                     0x08002acc   Section        0  bsp_sdio_sdcard.o(i.SD_InitializeCards)
    i.SD_PowerON                             0x08002c08   Section        0  bsp_sdio_sdcard.o(i.SD_PowerON)
    i.SD_ProcessIRQSrc                       0x08002d90   Section        0  bsp_sdio_sdcard.o(i.SD_ProcessIRQSrc)
    i.SD_ReadMultiBlocks                     0x08002de8   Section        0  bsp_sdio_sdcard.o(i.SD_ReadMultiBlocks)
    i.SD_SelectDeselect                      0x08002ed0   Section        0  bsp_sdio_sdcard.o(i.SD_SelectDeselect)
    i.SD_SendStatus                          0x08002f04   Section        0  bsp_sdio_sdcard.o(i.SD_SendStatus)
    i.SD_WaitReadOperation                   0x08002f3c   Section        0  bsp_sdio_sdcard.o(i.SD_WaitReadOperation)
    i.SD_WaitWriteOperation                  0x08002f70   Section        0  bsp_sdio_sdcard.o(i.SD_WaitWriteOperation)
    i.SD_WriteMultiBlocks                    0x08002fac   Section        0  bsp_sdio_sdcard.o(i.SD_WriteMultiBlocks)
    i.SVC_Handler                            0x080030f4   Section        0  stm32f10x_it.o(i.SVC_Handler)
    i.Screen_Shot                            0x080030f8   Section        0  bsp_bmp.o(i.Screen_Shot)
    i.SetSysClock                            0x080032bc   Section        0  system_stm32f10x.o(i.SetSysClock)
    SetSysClock                              0x080032bd   Thumb Code     8  system_stm32f10x.o(i.SetSysClock)
    i.SetSysClockTo72                        0x080032c4   Section        0  system_stm32f10x.o(i.SetSysClockTo72)
    SetSysClockTo72                          0x080032c5   Thumb Code   214  system_stm32f10x.o(i.SetSysClockTo72)
    i.SysTick_Handler                        0x080033a4   Section        0  stm32f10x_it.o(i.SysTick_Handler)
    i.SysTick_Init                           0x080033d8   Section        0  bsp_systick.o(i.SysTick_Init)
    i.SystemInit                             0x08003440   Section        0  system_stm32f10x.o(i.SystemInit)
    i.TimeStamp_Increment                    0x080034a0   Section        0  bsp_systick.o(i.TimeStamp_Increment)
    i.TimingDelay_Decrement                  0x080034b0   Section        0  bsp_systick.o(i.TimingDelay_Decrement)
    i.USART_Cmd                              0x080034c8   Section        0  stm32f10x_usart.o(i.USART_Cmd)
    i.USART_Config                           0x080034e0   Section        0  bsp_usart.o(i.USART_Config)
    i.USART_GetFlagStatus                    0x08003560   Section        0  stm32f10x_usart.o(i.USART_GetFlagStatus)
    i.USART_Init                             0x0800357c   Section        0  stm32f10x_usart.o(i.USART_Init)
    i.USART_SendData                         0x08003654   Section        0  stm32f10x_usart.o(i.USART_SendData)
    i.UsageFault_Handler                     0x0800365c   Section        0  stm32f10x_it.o(i.UsageFault_Handler)
    i.VSYNC_GPIO_Config                      0x08003660   Section        0  bsp_ov7725.o(i.VSYNC_GPIO_Config)
    VSYNC_GPIO_Config                        0x08003661   Thumb Code   118  bsp_ov7725.o(i.VSYNC_GPIO_Config)
    i.__0printf                              0x080036dc   Section        0  printfa.o(i.__0printf)
    i.__0sprintf                             0x080036fc   Section        0  printfa.o(i.__0sprintf)
    i.__scatterload_copy                     0x08003724   Section       14  handlers.o(i.__scatterload_copy)
    i.__scatterload_null                     0x08003732   Section        2  handlers.o(i.__scatterload_null)
    i.__scatterload_zeroinit                 0x08003734   Section       14  handlers.o(i.__scatterload_zeroinit)
    i._fp_digits                             0x08003744   Section        0  printfa.o(i._fp_digits)
    _fp_digits                               0x08003745   Thumb Code   334  printfa.o(i._fp_digits)
    i._printf_core                           0x080038a8   Section        0  printfa.o(i._printf_core)
    _printf_core                             0x080038a9   Thumb Code  1744  printfa.o(i._printf_core)
    i._printf_post_padding                   0x08003f84   Section        0  printfa.o(i._printf_post_padding)
    _printf_post_padding                     0x08003f85   Thumb Code    36  printfa.o(i._printf_post_padding)
    i._printf_pre_padding                    0x08003fa8   Section        0  printfa.o(i._printf_pre_padding)
    _printf_pre_padding                      0x08003fa9   Thumb Code    46  printfa.o(i._printf_pre_padding)
    i._sputc                                 0x08003fd6   Section        0  printfa.o(i._sputc)
    _sputc                                   0x08003fd7   Thumb Code    10  printfa.o(i._sputc)
    i.check_fs                               0x08003fe0   Section        0  ff.o(i.check_fs)
    check_fs                                 0x08003fe1   Thumb Code   140  ff.o(i.check_fs)
    i.chk_chr                                0x08004070   Section        0  ff.o(i.chk_chr)
    chk_chr                                  0x08004071   Thumb Code    20  ff.o(i.chk_chr)
    i.clust2sect                             0x08004084   Section        0  ff.o(i.clust2sect)
    i.cmp_lfn                                0x080040a0   Section        0  ff.o(i.cmp_lfn)
    cmp_lfn                                  0x080040a1   Thumb Code   154  ff.o(i.cmp_lfn)
    i.create_chain                           0x08004140   Section        0  ff.o(i.create_chain)
    create_chain                             0x08004141   Thumb Code   214  ff.o(i.create_chain)
    i.create_name                            0x08004218   Section        0  ff.o(i.create_name)
    create_name                              0x08004219   Thumb Code   534  ff.o(i.create_name)
    i.dir_alloc                              0x08004448   Section        0  ff.o(i.dir_alloc)
    dir_alloc                                0x08004449   Thumb Code    92  ff.o(i.dir_alloc)
    i.dir_find                               0x080044a4   Section        0  ff.o(i.dir_find)
    dir_find                                 0x080044a5   Thumb Code   234  ff.o(i.dir_find)
    i.dir_next                               0x0800458e   Section        0  ff.o(i.dir_next)
    dir_next                                 0x0800458f   Thumb Code   314  ff.o(i.dir_next)
    i.dir_register                           0x080046c8   Section        0  ff.o(i.dir_register)
    dir_register                             0x080046c9   Thumb Code   298  ff.o(i.dir_register)
    i.dir_sdi                                0x080047f2   Section        0  ff.o(i.dir_sdi)
    dir_sdi                                  0x080047f3   Thumb Code   200  ff.o(i.dir_sdi)
    i.disk_initialize                        0x080048ba   Section        0  diskio.o(i.disk_initialize)
    i.disk_ioctl                             0x080048e4   Section        0  diskio.o(i.disk_ioctl)
    i.disk_read                              0x08004938   Section        0  diskio.o(i.disk_read)
    i.disk_status                            0x080049e6   Section        0  diskio.o(i.disk_status)
    i.disk_write                             0x08004a02   Section        0  diskio.o(i.disk_write)
    i.f_close                                0x08004ab6   Section        0  ff.o(i.f_close)
    i.f_mount                                0x08004ad8   Section        0  ff.o(i.f_mount)
    i.f_open                                 0x08004b34   Section        0  ff.o(i.f_open)
    i.f_sync                                 0x08004cb2   Section        0  ff.o(i.f_sync)
    i.f_write                                0x08004d62   Section        0  ff.o(i.f_write)
    i.ff_convert                             0x08004f70   Section        0  ccsbcs.o(i.ff_convert)
    i.ff_wtoupper                            0x08004fbc   Section        0  ccsbcs.o(i.ff_wtoupper)
    i.find_volume                            0x08005018   Section        0  ff.o(i.find_volume)
    find_volume                              0x08005019   Thumb Code   966  ff.o(i.find_volume)
    i.fit_lfn                                0x080053f0   Section        0  ff.o(i.fit_lfn)
    fit_lfn                                  0x080053f1   Thumb Code   122  ff.o(i.fit_lfn)
    i.follow_path                            0x08005470   Section        0  ff.o(i.follow_path)
    follow_path                              0x08005471   Thumb Code   144  ff.o(i.follow_path)
    i.fputc                                  0x08005500   Section        0  bsp_usart.o(i.fputc)
    i.gen_numname                            0x08005524   Section        0  ff.o(i.gen_numname)
    gen_numname                              0x08005525   Thumb Code   176  ff.o(i.gen_numname)
    i.get_fat                                0x080055d8   Section        0  ff.o(i.get_fat)
    i.get_fattime                            0x08005718   Section        0  diskio.o(i.get_fattime)
    i.get_ldnumber                           0x08005720   Section        0  ff.o(i.get_ldnumber)
    get_ldnumber                             0x08005721   Thumb Code    74  ff.o(i.get_ldnumber)
    i.ld_clust                               0x0800576a   Section        0  ff.o(i.ld_clust)
    ld_clust                                 0x0800576b   Thumb Code    32  ff.o(i.ld_clust)
    i.main                                   0x0800578c   Section        0  main.o(i.main)
    i.mem_cmp                                0x08005ba8   Section        0  ff.o(i.mem_cmp)
    mem_cmp                                  0x08005ba9   Thumb Code    38  ff.o(i.mem_cmp)
    i.mem_cpy                                0x08005bce   Section        0  ff.o(i.mem_cpy)
    mem_cpy                                  0x08005bcf   Thumb Code    26  ff.o(i.mem_cpy)
    i.mem_set                                0x08005be8   Section        0  ff.o(i.mem_set)
    mem_set                                  0x08005be9   Thumb Code    20  ff.o(i.mem_set)
    i.move_window                            0x08005bfc   Section        0  ff.o(i.move_window)
    move_window                              0x08005bfd   Thumb Code    52  ff.o(i.move_window)
    i.put_fat                                0x08005c30   Section        0  ff.o(i.put_fat)
    i.remove_chain                           0x08005db8   Section        0  ff.o(i.remove_chain)
    remove_chain                             0x08005db9   Thumb Code   108  ff.o(i.remove_chain)
    i.st_clust                               0x08005e24   Section        0  ff.o(i.st_clust)
    st_clust                                 0x08005e25   Thumb Code    16  ff.o(i.st_clust)
    i.sum_sfn                                0x08005e34   Section        0  ff.o(i.sum_sfn)
    sum_sfn                                  0x08005e35   Thumb Code    32  ff.o(i.sum_sfn)
    i.sync_fs                                0x08005e54   Section        0  ff.o(i.sync_fs)
    sync_fs                                  0x08005e55   Thumb Code   200  ff.o(i.sync_fs)
    i.sync_window                            0x08005f1c   Section        0  ff.o(i.sync_window)
    sync_window                              0x08005f1d   Thumb Code    82  ff.o(i.sync_window)
    i.validate                               0x08005f6e   Section        0  ff.o(i.validate)
    validate                                 0x08005f6f   Thumb Code    50  ff.o(i.validate)
    .constdata                               0x08005fa0   Section    15200  fonts.o(.constdata)
    .constdata                               0x08009b00   Section      186  ff.o(.constdata)
    ExCvt                                    0x08009b00   Data         128  ff.o(.constdata)
    LfnOfs                                   0x08009b80   Data          13  ff.o(.constdata)
    vst                                      0x08009b8e   Data          22  ff.o(.constdata)
    cst                                      0x08009ba4   Data          22  ff.o(.constdata)
    .constdata                               0x08009bba   Section     2232  ccsbcs.o(.constdata)
    Tbl                                      0x08009bba   Data         256  ccsbcs.o(.constdata)
    lower                                    0x08009cba   Data         988  ccsbcs.o(.constdata)
    upper                                    0x0800a096   Data         988  ccsbcs.o(.constdata)
    .data                                    0x20000000   Section       20  system_stm32f10x.o(.data)
    .data                                    0x20000014   Section       20  stm32f10x_rcc.o(.data)
    APBAHBPrescTable                         0x20000014   Data          16  stm32f10x_rcc.o(.data)
    ADCPrescTable                            0x20000024   Data           4  stm32f10x_rcc.o(.data)
    .data                                    0x20000028   Section        2  main.o(.data)
    name_count                               0x20000029   Data           1  main.o(.data)
    .data                                    0x2000002a   Section      176  bsp_ov7725.o(.data)
    .data                                    0x200000dc   Section       16  bsp_ili9341_lcd.o(.data)
    LCD_Currentfonts                         0x200000e4   Data           4  bsp_ili9341_lcd.o(.data)
    CurrentTextColor                         0x200000e8   Data           2  bsp_ili9341_lcd.o(.data)
    CurrentBackColor                         0x200000ea   Data           2  bsp_ili9341_lcd.o(.data)
    .data                                    0x200000ec   Section       24  fonts.o(.data)
    .data                                    0x20000104   Section        8  bsp_systick.o(.data)
    TimingDelay                              0x20000104   Data           4  bsp_systick.o(.data)
    .data                                    0x2000010c   Section       20  bsp_sdio_sdcard.o(.data)
    CardType                                 0x2000010c   Data           4  bsp_sdio_sdcard.o(.data)
    RCA                                      0x20000110   Data           4  bsp_sdio_sdcard.o(.data)
    .data                                    0x20000120   Section        1  bsp_bmp.o(.data)
    .data                                    0x20000124   Section       10  ff.o(.data)
    FatFs                                    0x20000124   Data           8  ff.o(.data)
    Fsid                                     0x2000012c   Data           2  ff.o(.data)
    .data                                    0x20000130   Section        4  stdout.o(.data)
    .bss                                     0x20000134   Section     4156  main.o(.bss)
    .bss                                     0x20001170   Section      196  bsp_sdio_sdcard.o(.bss)
    CSD_Tab                                  0x20001170   Data          16  bsp_sdio_sdcard.o(.bss)
    CID_Tab                                  0x20001180   Data          16  bsp_sdio_sdcard.o(.bss)
    SDSTATUS_Tab                             0x20001190   Data          16  bsp_sdio_sdcard.o(.bss)
    .bss                                     0x20001234   Section     9224  bsp_bmp.o(.bss)
    STACK                                    0x20003640   Section     4096  startup_stm32f10x_hd.o(STACK)

    Global Symbols

    Symbol Name                              Value     Ov Type        Size  Object(Section)

    BuildAttributes$$THM_ISAv4$P$D$K$B$S$PE$A:L22UL41UL21$X:L11$S22US41US21$IEEE1$IW$USESV6$~STKCKD$USESV7$~SHL$OTIME$ROPI$EBA8$MICROLIB$REQ8$PRES8$EABIv2 0x00000000   Number         0  anon$$obj.o ABSOLUTE
    __ARM_use_no_argv                        0x00000000   Number         0  main.o ABSOLUTE
    _printf_a                                0x00000000   Number         0  stubs.o ABSOLUTE
    _printf_c                                0x00000000   Number         0  stubs.o ABSOLUTE
    _printf_charcount                        0x00000000   Number         0  stubs.o ABSOLUTE
    _printf_d                                0x00000000   Number         0  stubs.o ABSOLUTE
    _printf_e                                0x00000000   Number         0  stubs.o ABSOLUTE
    _printf_f                                0x00000000   Number         0  stubs.o ABSOLUTE
    _printf_flags                            0x00000000   Number         0  stubs.o ABSOLUTE
    _printf_fp_dec                           0x00000000   Number         0  stubs.o ABSOLUTE
    _printf_fp_hex                           0x00000000   Number         0  stubs.o ABSOLUTE
    _printf_g                                0x00000000   Number         0  stubs.o ABSOLUTE
    _printf_i                                0x00000000   Number         0  stubs.o ABSOLUTE
    _printf_int_dec                          0x00000000   Number         0  stubs.o ABSOLUTE
    _printf_l                                0x00000000   Number         0  stubs.o ABSOLUTE
    _printf_lc                               0x00000000   Number         0  stubs.o ABSOLUTE
    _printf_ll                               0x00000000   Number         0  stubs.o ABSOLUTE
    _printf_lld                              0x00000000   Number         0  stubs.o ABSOLUTE
    _printf_lli                              0x00000000   Number         0  stubs.o ABSOLUTE
    _printf_llo                              0x00000000   Number         0  stubs.o ABSOLUTE
    _printf_llu                              0x00000000   Number         0  stubs.o ABSOLUTE
    _printf_llx                              0x00000000   Number         0  stubs.o ABSOLUTE
    _printf_longlong_dec                     0x00000000   Number         0  stubs.o ABSOLUTE
    _printf_longlong_hex                     0x00000000   Number         0  stubs.o ABSOLUTE
    _printf_longlong_oct                     0x00000000   Number         0  stubs.o ABSOLUTE
    _printf_ls                               0x00000000   Number         0  stubs.o ABSOLUTE
    _printf_mbtowc                           0x00000000   Number         0  stubs.o ABSOLUTE
    _printf_n                                0x00000000   Number         0  stubs.o ABSOLUTE
    _printf_o                                0x00000000   Number         0  stubs.o ABSOLUTE
    _printf_p                                0x00000000   Number         0  stubs.o ABSOLUTE
    _printf_percent                          0x00000000   Number         0  stubs.o ABSOLUTE
    _printf_pre_padding                      0x00000000   Number         0  stubs.o ABSOLUTE
    _printf_return_value                     0x00000000   Number         0  stubs.o ABSOLUTE
    _printf_s                                0x00000000   Number         0  stubs.o ABSOLUTE
    _printf_sizespec                         0x00000000   Number         0  stubs.o ABSOLUTE
    _printf_str                              0x00000000   Number         0  stubs.o ABSOLUTE
    _printf_truncate_signed                  0x00000000   Number         0  stubs.o ABSOLUTE
    _printf_truncate_unsigned                0x00000000   Number         0  stubs.o ABSOLUTE
    _printf_u                                0x00000000   Number         0  stubs.o ABSOLUTE
    _printf_wc                               0x00000000   Number         0  stubs.o ABSOLUTE
    _printf_wctomb                           0x00000000   Number         0  stubs.o ABSOLUTE
    _printf_widthprec                        0x00000000   Number         0  stubs.o ABSOLUTE
    _printf_x                                0x00000000   Number         0  stubs.o ABSOLUTE
    __cpp_initialize__aeabi_                  - Undefined Weak Reference
    __cxa_finalize                            - Undefined Weak Reference
    _clock_init                               - Undefined Weak Reference
    _microlib_exit                            - Undefined Weak Reference
    __Vectors_Size                           0x00000130   Number         0  startup_stm32f10x_hd.o ABSOLUTE
    __Vectors                                0x08000000   Data           4  startup_stm32f10x_hd.o(RESET)
    __Vectors_End                            0x08000130   Data           0  startup_stm32f10x_hd.o(RESET)
    __main                                   0x08000131   Thumb Code     0  entry.o(.ARM.Collect$$$$00000000)
    _main_stk                                0x08000131   Thumb Code     0  entry2.o(.ARM.Collect$$$$00000001)
    _main_scatterload                        0x08000135   Thumb Code     0  entry5.o(.ARM.Collect$$$$00000004)
    __main_after_scatterload                 0x08000139   Thumb Code     0  entry5.o(.ARM.Collect$$$$00000004)
    _main_clock                              0x08000139   Thumb Code     0  entry7b.o(.ARM.Collect$$$$00000008)
    _main_cpp_init                           0x08000139   Thumb Code     0  entry8b.o(.ARM.Collect$$$$0000000A)
    _main_init                               0x08000139   Thumb Code     0  entry9a.o(.ARM.Collect$$$$0000000B)
    __rt_final_cpp                           0x08000141   Thumb Code     0  entry10a.o(.ARM.Collect$$$$0000000D)
    __rt_final_exit                          0x08000141   Thumb Code     0  entry11a.o(.ARM.Collect$$$$0000000F)
    Reset_Handler                            0x08000145   Thumb Code     8  startup_stm32f10x_hd.o(.text)
    ADC1_2_IRQHandler                        0x0800015f   Thumb Code     0  startup_stm32f10x_hd.o(.text)
    ADC3_IRQHandler                          0x0800015f   Thumb Code     0  startup_stm32f10x_hd.o(.text)
    CAN1_RX1_IRQHandler                      0x0800015f   Thumb Code     0  startup_stm32f10x_hd.o(.text)
    CAN1_SCE_IRQHandler                      0x0800015f   Thumb Code     0  startup_stm32f10x_hd.o(.text)
    DMA1_Channel1_IRQHandler                 0x0800015f   Thumb Code     0  startup_stm32f10x_hd.o(.text)
    DMA1_Channel2_IRQHandler                 0x0800015f   Thumb Code     0  startup_stm32f10x_hd.o(.text)
    DMA1_Channel3_IRQHandler                 0x0800015f   Thumb Code     0  startup_stm32f10x_hd.o(.text)
    DMA1_Channel4_IRQHandler                 0x0800015f   Thumb Code     0  startup_stm32f10x_hd.o(.text)
    DMA1_Channel5_IRQHandler                 0x0800015f   Thumb Code     0  startup_stm32f10x_hd.o(.text)
    DMA1_Channel6_IRQHandler                 0x0800015f   Thumb Code     0  startup_stm32f10x_hd.o(.text)
    DMA1_Channel7_IRQHandler                 0x0800015f   Thumb Code     0  startup_stm32f10x_hd.o(.text)
    DMA2_Channel1_IRQHandler                 0x0800015f   Thumb Code     0  startup_stm32f10x_hd.o(.text)
    DMA2_Channel2_IRQHandler                 0x0800015f   Thumb Code     0  startup_stm32f10x_hd.o(.text)
    DMA2_Channel3_IRQHandler                 0x0800015f   Thumb Code     0  startup_stm32f10x_hd.o(.text)
    DMA2_Channel4_5_IRQHandler               0x0800015f   Thumb Code     0  startup_stm32f10x_hd.o(.text)
    EXTI0_IRQHandler                         0x0800015f   Thumb Code     0  startup_stm32f10x_hd.o(.text)
    EXTI15_10_IRQHandler                     0x0800015f   Thumb Code     0  startup_stm32f10x_hd.o(.text)
    EXTI1_IRQHandler                         0x0800015f   Thumb Code     0  startup_stm32f10x_hd.o(.text)
    EXTI2_IRQHandler                         0x0800015f   Thumb Code     0  startup_stm32f10x_hd.o(.text)
    EXTI4_IRQHandler                         0x0800015f   Thumb Code     0  startup_stm32f10x_hd.o(.text)
    EXTI9_5_IRQHandler                       0x0800015f   Thumb Code     0  startup_stm32f10x_hd.o(.text)
    FLASH_IRQHandler                         0x0800015f   Thumb Code     0  startup_stm32f10x_hd.o(.text)
    FSMC_IRQHandler                          0x0800015f   Thumb Code     0  startup_stm32f10x_hd.o(.text)
    I2C1_ER_IRQHandler                       0x0800015f   Thumb Code     0  startup_stm32f10x_hd.o(.text)
    I2C1_EV_IRQHandler                       0x0800015f   Thumb Code     0  startup_stm32f10x_hd.o(.text)
    I2C2_ER_IRQHandler                       0x0800015f   Thumb Code     0  startup_stm32f10x_hd.o(.text)
    I2C2_EV_IRQHandler                       0x0800015f   Thumb Code     0  startup_stm32f10x_hd.o(.text)
    PVD_IRQHandler                           0x0800015f   Thumb Code     0  startup_stm32f10x_hd.o(.text)
    RCC_IRQHandler                           0x0800015f   Thumb Code     0  startup_stm32f10x_hd.o(.text)
    RTCAlarm_IRQHandler                      0x0800015f   Thumb Code     0  startup_stm32f10x_hd.o(.text)
    RTC_IRQHandler                           0x0800015f   Thumb Code     0  startup_stm32f10x_hd.o(.text)
    SPI1_IRQHandler                          0x0800015f   Thumb Code     0  startup_stm32f10x_hd.o(.text)
    SPI2_IRQHandler                          0x0800015f   Thumb Code     0  startup_stm32f10x_hd.o(.text)
    SPI3_IRQHandler                          0x0800015f   Thumb Code     0  startup_stm32f10x_hd.o(.text)
    TAMPER_IRQHandler                        0x0800015f   Thumb Code     0  startup_stm32f10x_hd.o(.text)
    TIM1_BRK_IRQHandler                      0x0800015f   Thumb Code     0  startup_stm32f10x_hd.o(.text)
    TIM1_CC_IRQHandler                       0x0800015f   Thumb Code     0  startup_stm32f10x_hd.o(.text)
    TIM1_TRG_COM_IRQHandler                  0x0800015f   Thumb Code     0  startup_stm32f10x_hd.o(.text)
    TIM1_UP_IRQHandler                       0x0800015f   Thumb Code     0  startup_stm32f10x_hd.o(.text)
    TIM2_IRQHandler                          0x0800015f   Thumb Code     0  startup_stm32f10x_hd.o(.text)
    TIM3_IRQHandler                          0x0800015f   Thumb Code     0  startup_stm32f10x_hd.o(.text)
    TIM4_IRQHandler                          0x0800015f   Thumb Code     0  startup_stm32f10x_hd.o(.text)
    TIM5_IRQHandler                          0x0800015f   Thumb Code     0  startup_stm32f10x_hd.o(.text)
    TIM6_IRQHandler                          0x0800015f   Thumb Code     0  startup_stm32f10x_hd.o(.text)
    TIM7_IRQHandler                          0x0800015f   Thumb Code     0  startup_stm32f10x_hd.o(.text)
    TIM8_BRK_IRQHandler                      0x0800015f   Thumb Code     0  startup_stm32f10x_hd.o(.text)
    TIM8_CC_IRQHandler                       0x0800015f   Thumb Code     0  startup_stm32f10x_hd.o(.text)
    TIM8_TRG_COM_IRQHandler                  0x0800015f   Thumb Code     0  startup_stm32f10x_hd.o(.text)
    TIM8_UP_IRQHandler                       0x0800015f   Thumb Code     0  startup_stm32f10x_hd.o(.text)
    UART4_IRQHandler                         0x0800015f   Thumb Code     0  startup_stm32f10x_hd.o(.text)
    UART5_IRQHandler                         0x0800015f   Thumb Code     0  startup_stm32f10x_hd.o(.text)
    USART1_IRQHandler                        0x0800015f   Thumb Code     0  startup_stm32f10x_hd.o(.text)
    USART2_IRQHandler                        0x0800015f   Thumb Code     0  startup_stm32f10x_hd.o(.text)
    USART3_IRQHandler                        0x0800015f   Thumb Code     0  startup_stm32f10x_hd.o(.text)
    USBWakeUp_IRQHandler                     0x0800015f   Thumb Code     0  startup_stm32f10x_hd.o(.text)
    USB_HP_CAN1_TX_IRQHandler                0x0800015f   Thumb Code     0  startup_stm32f10x_hd.o(.text)
    USB_LP_CAN1_RX0_IRQHandler               0x0800015f   Thumb Code     0  startup_stm32f10x_hd.o(.text)
    WWDG_IRQHandler                          0x0800015f   Thumb Code     0  startup_stm32f10x_hd.o(.text)
    __aeabi_memcpy                           0x08000169   Thumb Code    36  memcpya.o(.text)
    __aeabi_memcpy4                          0x08000169   Thumb Code     0  memcpya.o(.text)
    __aeabi_memcpy8                          0x08000169   Thumb Code     0  memcpya.o(.text)
    __aeabi_fadd                             0x0800018d   Thumb Code   164  fadd.o(.text)
    __aeabi_fsub                             0x08000231   Thumb Code     6  fadd.o(.text)
    __aeabi_frsub                            0x08000237   Thumb Code     6  fadd.o(.text)
    __aeabi_fdiv                             0x0800023d   Thumb Code   124  fdiv.o(.text)
    __aeabi_f2d                              0x080002b9   Thumb Code    38  f2d.o(.text)
    __aeabi_uidiv                            0x080002df   Thumb Code     0  uidiv.o(.text)
    __aeabi_uidivmod                         0x080002df   Thumb Code    44  uidiv.o(.text)
    __aeabi_uldivmod                         0x0800030b   Thumb Code    98  uldiv.o(.text)
    __I$use$fp                               0x0800036d   Thumb Code     0  iusefp.o(.text)
    _float_round                             0x0800036d   Thumb Code    18  fepilogue.o(.text)
    _float_epilogue                          0x0800037f   Thumb Code    92  fepilogue.o(.text)
    __aeabi_dadd                             0x080003db   Thumb Code   322  dadd.o(.text)
    __aeabi_dsub                             0x0800051d   Thumb Code     6  dadd.o(.text)
    __aeabi_drsub                            0x08000523   Thumb Code     6  dadd.o(.text)
    __aeabi_dmul                             0x08000529   Thumb Code   228  dmul.o(.text)
    __aeabi_ddiv                             0x0800060d   Thumb Code   222  ddiv.o(.text)
    __aeabi_d2ulz                            0x080006eb   Thumb Code    48  dfixul.o(.text)
    __aeabi_cdrcmple                         0x0800071d   Thumb Code    48  cdrcmple.o(.text)
    __scatterload                            0x0800074d   Thumb Code    28  init.o(.text)
    __scatterload_rt2                        0x0800074d   Thumb Code     0  init.o(.text)
    __aeabi_llsl                             0x08000771   Thumb Code    30  llshl.o(.text)
    _ll_shift_l                              0x08000771   Thumb Code     0  llshl.o(.text)
    __aeabi_llsr                             0x0800078f   Thumb Code    32  llushr.o(.text)
    _ll_ushift_r                             0x0800078f   Thumb Code     0  llushr.o(.text)
    __aeabi_lasr                             0x080007af   Thumb Code    36  llsshr.o(.text)
    _ll_sshift_r                             0x080007af   Thumb Code     0  llsshr.o(.text)
    _double_round                            0x080007d3   Thumb Code    30  depilogue.o(.text)
    _double_epilogue                         0x080007f1   Thumb Code   156  depilogue.o(.text)
    __decompress                             0x0800088d   Thumb Code     0  __dczerorl2.o(.text)
    __decompress1                            0x0800088d   Thumb Code    86  __dczerorl2.o(.text)
    BusFault_Handler                         0x080008e3   Thumb Code     4  stm32f10x_it.o(i.BusFault_Handler)
    DMA_ClearFlag                            0x08000aa9   Thumb Code    18  stm32f10x_dma.o(i.DMA_ClearFlag)
    DMA_Cmd                                  0x08000ac5   Thumb Code    24  stm32f10x_dma.o(i.DMA_Cmd)
    DMA_GetFlagStatus                        0x08000add   Thumb Code    36  stm32f10x_dma.o(i.DMA_GetFlagStatus)
    DMA_Init                                 0x08000b09   Thumb Code    60  stm32f10x_dma.o(i.DMA_Init)
    DebugMon_Handler                         0x08000b45   Thumb Code     2  stm32f10x_it.o(i.DebugMon_Handler)
    EXTI3_IRQHandler                         0x08000b49   Thumb Code    78  stm32f10x_it.o(i.EXTI3_IRQHandler)
    EXTI_ClearITPendingBit                   0x08000ba5   Thumb Code     6  stm32f10x_exti.o(i.EXTI_ClearITPendingBit)
    EXTI_GenerateSWInterrupt                 0x08000bb1   Thumb Code    12  stm32f10x_exti.o(i.EXTI_GenerateSWInterrupt)
    EXTI_GetITStatus                         0x08000bc1   Thumb Code    34  stm32f10x_exti.o(i.EXTI_GetITStatus)
    EXTI_Init                                0x08000be9   Thumb Code   142  stm32f10x_exti.o(i.EXTI_Init)
    FSMC_NORSRAMCmd                          0x08000d15   Thumb Code    46  stm32f10x_fsmc.o(i.FSMC_NORSRAMCmd)
    FSMC_NORSRAMInit                         0x08000d49   Thumb Code   230  stm32f10x_fsmc.o(i.FSMC_NORSRAMInit)
    GPIO_EXTILineConfig                      0x0800101d   Thumb Code    60  stm32f10x_gpio.o(i.GPIO_EXTILineConfig)
    GPIO_Init                                0x0800105d   Thumb Code   278  stm32f10x_gpio.o(i.GPIO_Init)
    GPIO_ReadInputDataBit                    0x08001173   Thumb Code    18  stm32f10x_gpio.o(i.GPIO_ReadInputDataBit)
    GPIO_ResetBits                           0x08001185   Thumb Code     4  stm32f10x_gpio.o(i.GPIO_ResetBits)
    GPIO_SetBits                             0x08001189   Thumb Code     4  stm32f10x_gpio.o(i.GPIO_SetBits)
    HardFault_Handler                        0x0800118d   Thumb Code     4  stm32f10x_it.o(i.HardFault_Handler)
    ILI9341_BackLed_Control                  0x08001191   Thumb Code    30  bsp_ili9341_lcd.o(i.ILI9341_BackLed_Control)
    ILI9341_Clear                            0x080011b5   Thumb Code    40  bsp_ili9341_lcd.o(i.ILI9341_Clear)
    ILI9341_DispChar_EN                      0x080011f5   Thumb Code   138  bsp_ili9341_lcd.o(i.ILI9341_DispChar_EN)
    ILI9341_DispStringLine_EN                0x0800128d   Thumb Code    92  bsp_ili9341_lcd.o(i.ILI9341_DispStringLine_EN)
    ILI9341_GetPointPixel                    0x0800150d   Thumb Code    24  bsp_ili9341_lcd.o(i.ILI9341_GetPointPixel)
    ILI9341_GramScan                         0x08001525   Thumb Code   172  bsp_ili9341_lcd.o(i.ILI9341_GramScan)
    ILI9341_Init                             0x080015dd   Thumb Code    34  bsp_ili9341_lcd.o(i.ILI9341_Init)
    ILI9341_OpenWindow                       0x08001605   Thumb Code    88  bsp_ili9341_lcd.o(i.ILI9341_OpenWindow)
    ILI9341_Read_Data                        0x0800188d   Thumb Code     6  bsp_ili9341_lcd.o(i.ILI9341_Read_Data)
    ILI9341_Rst                              0x080018d1   Thumb Code    36  bsp_ili9341_lcd.o(i.ILI9341_Rst)
    ILI9341_Write_Cmd                        0x0800190d   Thumb Code     8  bsp_ili9341_lcd.o(i.ILI9341_Write_Cmd)
    ILI9341_Write_Data                       0x08001915   Thumb Code     6  bsp_ili9341_lcd.o(i.ILI9341_Write_Data)
    ImagDisp                                 0x08001921   Thumb Code   108  bsp_ov7725.o(i.ImagDisp)
    Key_GPIO_Config                          0x08001995   Thumb Code    54  bsp_key.o(i.Key_GPIO_Config)
    Key_Scan                                 0x080019d5   Thumb Code    40  bsp_key.o(i.Key_Scan)
    LCD_GetFont                              0x080019fd   Thumb Code     6  bsp_ili9341_lcd.o(i.LCD_GetFont)
    LCD_SetColors                            0x08001a09   Thumb Code    10  bsp_ili9341_lcd.o(i.LCD_SetColors)
    LCD_SetFont                              0x08001a1d   Thumb Code     6  bsp_ili9341_lcd.o(i.LCD_SetFont)
    LED_GPIO_Config                          0x08001a29   Thumb Code    90  bsp_led.o(i.LED_GPIO_Config)
    MemManage_Handler                        0x08001a89   Thumb Code     4  stm32f10x_it.o(i.MemManage_Handler)
    NMI_Handler                              0x08001a8d   Thumb Code     2  stm32f10x_it.o(i.NMI_Handler)
    NVIC_Init                                0x08001ab9   Thumb Code   100  misc.o(i.NVIC_Init)
    NVIC_PriorityGroupConfig                 0x08001b29   Thumb Code    10  misc.o(i.NVIC_PriorityGroupConfig)
    OV7725_Brightness                        0x08001b3d   Thumb Code   104  bsp_ov7725.o(i.OV7725_Brightness)
    OV7725_Color_Saturation                  0x08001ba5   Thumb Code    46  bsp_ov7725.o(i.OV7725_Color_Saturation)
    OV7725_Contrast                          0x08001bd3   Thumb Code    40  bsp_ov7725.o(i.OV7725_Contrast)
    OV7725_GPIO_Config                       0x08001bfb   Thumb Code    16  bsp_ov7725.o(i.OV7725_GPIO_Config)
    OV7725_Init                              0x08001c0d   Thumb Code    96  bsp_ov7725.o(i.OV7725_Init)
    OV7725_Light_Mode                        0x08001c75   Thumb Code   282  bsp_ov7725.o(i.OV7725_Light_Mode)
    OV7725_Special_Effect                    0x08001d8f   Thumb Code   196  bsp_ov7725.o(i.OV7725_Special_Effect)
    OV7725_Window_Set                        0x08001e53   Thumb Code   232  bsp_ov7725.o(i.OV7725_Window_Set)
    PendSV_Handler                           0x08001f3b   Thumb Code     2  stm32f10x_it.o(i.PendSV_Handler)
    RCC_AHBPeriphClockCmd                    0x08001f3d   Thumb Code    26  stm32f10x_rcc.o(i.RCC_AHBPeriphClockCmd)
    RCC_APB2PeriphClockCmd                   0x08001f5d   Thumb Code    26  stm32f10x_rcc.o(i.RCC_APB2PeriphClockCmd)
    RCC_GetClocksFreq                        0x08001f7d   Thumb Code   192  stm32f10x_rcc.o(i.RCC_GetClocksFreq)
    SCCB_GPIO_Config                         0x08002089   Thumb Code    60  bsp_sccb.o(i.SCCB_GPIO_Config)
    SCCB_ReadByte                            0x08002101   Thumb Code   122  bsp_sccb.o(i.SCCB_ReadByte)
    SCCB_WriteByte                           0x08002301   Thumb Code    64  bsp_sccb.o(i.SCCB_WriteByte)
    SDIO_ClearFlag                           0x0800246d   Thumb Code     6  stm32f10x_sdio.o(i.SDIO_ClearFlag)
    SDIO_ClearITPendingBit                   0x08002479   Thumb Code     6  stm32f10x_sdio.o(i.SDIO_ClearITPendingBit)
    SDIO_ClockCmd                            0x08002485   Thumb Code     6  stm32f10x_sdio.o(i.SDIO_ClockCmd)
    SDIO_DMACmd                              0x08002491   Thumb Code     6  stm32f10x_sdio.o(i.SDIO_DMACmd)
    SDIO_DataConfig                          0x0800249d   Thumb Code    42  stm32f10x_sdio.o(i.SDIO_DataConfig)
    SDIO_DeInit                              0x080024cd   Thumb Code    28  stm32f10x_sdio.o(i.SDIO_DeInit)
    SDIO_GetCommandResponse                  0x080024f1   Thumb Code     8  stm32f10x_sdio.o(i.SDIO_GetCommandResponse)
    SDIO_GetFlagStatus                       0x080024fd   Thumb Code    20  stm32f10x_sdio.o(i.SDIO_GetFlagStatus)
    SDIO_GetPowerState                       0x08002515   Thumb Code    10  stm32f10x_sdio.o(i.SDIO_GetPowerState)
    SDIO_GetResponse                         0x08002525   Thumb Code    20  stm32f10x_sdio.o(i.SDIO_GetResponse)
    SDIO_IRQHandler                          0x0800253d   Thumb Code     8  stm32f10x_it.o(i.SDIO_IRQHandler)
    SDIO_ITConfig                            0x08002545   Thumb Code    26  stm32f10x_sdio.o(i.SDIO_ITConfig)
    SDIO_Init                                0x08002565   Thumb Code    42  stm32f10x_sdio.o(i.SDIO_Init)
    SDIO_ReadData                            0x08002595   Thumb Code     6  stm32f10x_sdio.o(i.SDIO_ReadData)
    SDIO_SendCommand                         0x080025a1   Thumb Code    38  stm32f10x_sdio.o(i.SDIO_SendCommand)
    SDIO_SetPowerState                       0x080025cd   Thumb Code    22  stm32f10x_sdio.o(i.SDIO_SetPowerState)
    SD_EnableWideBusOperation                0x080026c1   Thumb Code   140  bsp_sdio_sdcard.o(i.SD_EnableWideBusOperation)
    SD_GetCardInfo                           0x08002755   Thumb Code   700  bsp_sdio_sdcard.o(i.SD_GetCardInfo)
    SD_GetState                              0x08002a21   Thumb Code    26  bsp_sdio_sdcard.o(i.SD_GetState)
    SD_GetStatus                             0x08002a3b   Thumb Code    30  bsp_sdio_sdcard.o(i.SD_GetStatus)
    SD_Init                                  0x08002a59   Thumb Code   106  bsp_sdio_sdcard.o(i.SD_Init)
    SD_InitializeCards                       0x08002acd   Thumb Code   294  bsp_sdio_sdcard.o(i.SD_InitializeCards)
    SD_PowerON                               0x08002c09   Thumb Code   374  bsp_sdio_sdcard.o(i.SD_PowerON)
    SD_ProcessIRQSrc                         0x08002d91   Thumb Code    70  bsp_sdio_sdcard.o(i.SD_ProcessIRQSrc)
    SD_ReadMultiBlocks                       0x08002de9   Thumb Code   202  bsp_sdio_sdcard.o(i.SD_ReadMultiBlocks)
    SD_SelectDeselect                        0x08002ed1   Thumb Code    48  bsp_sdio_sdcard.o(i.SD_SelectDeselect)
    SD_SendStatus                            0x08002f05   Thumb Code    46  bsp_sdio_sdcard.o(i.SD_SendStatus)
    SD_WaitReadOperation                     0x08002f3d   Thumb Code    42  bsp_sdio_sdcard.o(i.SD_WaitReadOperation)
    SD_WaitWriteOperation                    0x08002f71   Thumb Code    50  bsp_sdio_sdcard.o(i.SD_WaitWriteOperation)
    SD_WriteMultiBlocks                      0x08002fad   Thumb Code   294  bsp_sdio_sdcard.o(i.SD_WriteMultiBlocks)
    SVC_Handler                              0x080030f5   Thumb Code     2  stm32f10x_it.o(i.SVC_Handler)
    Screen_Shot                              0x080030f9   Thumb Code   388  bsp_bmp.o(i.Screen_Shot)
    SysTick_Handler                          0x080033a5   Thumb Code    46  stm32f10x_it.o(i.SysTick_Handler)
    SysTick_Init                             0x080033d9   Thumb Code    92  bsp_systick.o(i.SysTick_Init)
    SystemInit                               0x08003441   Thumb Code    78  system_stm32f10x.o(i.SystemInit)
    TimeStamp_Increment                      0x080034a1   Thumb Code    12  bsp_systick.o(i.TimeStamp_Increment)
    TimingDelay_Decrement                    0x080034b1   Thumb Code    18  bsp_systick.o(i.TimingDelay_Decrement)
    USART_Cmd                                0x080034c9   Thumb Code    24  stm32f10x_usart.o(i.USART_Cmd)
    USART_Config                             0x080034e1   Thumb Code   120  bsp_usart.o(i.USART_Config)
    USART_GetFlagStatus                      0x08003561   Thumb Code    26  stm32f10x_usart.o(i.USART_GetFlagStatus)
    USART_Init                               0x0800357d   Thumb Code   210  stm32f10x_usart.o(i.USART_Init)
    USART_SendData                           0x08003655   Thumb Code     8  stm32f10x_usart.o(i.USART_SendData)
    UsageFault_Handler                       0x0800365d   Thumb Code     4  stm32f10x_it.o(i.UsageFault_Handler)
    __0printf                                0x080036dd   Thumb Code    22  printfa.o(i.__0printf)
    __1printf                                0x080036dd   Thumb Code     0  printfa.o(i.__0printf)
    __2printf                                0x080036dd   Thumb Code     0  printfa.o(i.__0printf)
    __c89printf                              0x080036dd   Thumb Code     0  printfa.o(i.__0printf)
    printf                                   0x080036dd   Thumb Code     0  printfa.o(i.__0printf)
    __0sprintf                               0x080036fd   Thumb Code    34  printfa.o(i.__0sprintf)
    __1sprintf                               0x080036fd   Thumb Code     0  printfa.o(i.__0sprintf)
    __2sprintf                               0x080036fd   Thumb Code     0  printfa.o(i.__0sprintf)
    __c89sprintf                             0x080036fd   Thumb Code     0  printfa.o(i.__0sprintf)
    sprintf                                  0x080036fd   Thumb Code     0  printfa.o(i.__0sprintf)
    __scatterload_copy                       0x08003725   Thumb Code    14  handlers.o(i.__scatterload_copy)
    __scatterload_null                       0x08003733   Thumb Code     2  handlers.o(i.__scatterload_null)
    __scatterload_zeroinit                   0x08003735   Thumb Code    14  handlers.o(i.__scatterload_zeroinit)
    clust2sect                               0x08004085   Thumb Code    26  ff.o(i.clust2sect)
    disk_initialize                          0x080048bb   Thumb Code    42  diskio.o(i.disk_initialize)
    disk_ioctl                               0x080048e5   Thumb Code    78  diskio.o(i.disk_ioctl)
    disk_read                                0x08004939   Thumb Code   174  diskio.o(i.disk_read)
    disk_status                              0x080049e7   Thumb Code    28  diskio.o(i.disk_status)
    disk_write                               0x08004a03   Thumb Code   180  diskio.o(i.disk_write)
    f_close                                  0x08004ab7   Thumb Code    32  ff.o(i.f_close)
    f_mount                                  0x08004ad9   Thumb Code    86  ff.o(i.f_mount)
    f_open                                   0x08004b35   Thumb Code   382  ff.o(i.f_open)
    f_sync                                   0x08004cb3   Thumb Code   176  ff.o(i.f_sync)
    f_write                                  0x08004d63   Thumb Code   524  ff.o(i.f_write)
    ff_convert                               0x08004f71   Thumb Code    70  ccsbcs.o(i.ff_convert)
    ff_wtoupper                              0x08004fbd   Thumb Code    84  ccsbcs.o(i.ff_wtoupper)
    fputc                                    0x08005501   Thumb Code    32  bsp_usart.o(i.fputc)
    get_fat                                  0x080055d9   Thumb Code   318  ff.o(i.get_fat)
    get_fattime                              0x08005719   Thumb Code     4  diskio.o(i.get_fattime)
    main                                     0x0800578d   Thumb Code   686  main.o(i.main)
    put_fat                                  0x08005c31   Thumb Code   392  ff.o(i.put_fat)
    ASCII8x16_Table                          0x08005fa0   Data        1520  fonts.o(.constdata)
    ASCII16x24_Table                         0x08006590   Data        4560  fonts.o(.constdata)
    ASCII24x32_Table                         0x08007760   Data        9120  fonts.o(.constdata)
    Region$$Table$$Base                      0x0800a474   Number         0  anon$$obj.o(Region$$Table)
    Region$$Table$$Limit                     0x0800a494   Number         0  anon$$obj.o(Region$$Table)
    SystemCoreClock                          0x20000000   Data           4  system_stm32f10x.o(.data)
    AHBPrescTable                            0x20000004   Data          16  system_stm32f10x.o(.data)
    res_sd                                   0x20000028   Data           1  main.o(.data)
    cam_mode                                 0x2000002a   Data          20  bsp_ov7725.o(.data)
    Sensor_Config                            0x2000003e   Data         154  bsp_ov7725.o(.data)
    OV7725_REG_NUM                           0x200000d8   Data           1  bsp_ov7725.o(.data)
    Ov7725_vsync                             0x200000d9   Data           1  bsp_ov7725.o(.data)
    LCD_X_LENGTH                             0x200000dc   Data           2  bsp_ili9341_lcd.o(.data)
    LCD_Y_LENGTH                             0x200000de   Data           2  bsp_ili9341_lcd.o(.data)
    LCD_SCAN_MODE                            0x200000e0   Data           1  bsp_ili9341_lcd.o(.data)
    Font8x16                                 0x200000ec   Data           8  fonts.o(.data)
    Font16x24                                0x200000f4   Data           8  fonts.o(.data)
    Font24x32                                0x200000fc   Data           8  fonts.o(.data)
    g_ul_ms_ticks                            0x20000108   Data           4  bsp_systick.o(.data)
    StopCondition                            0x20000114   Data           4  bsp_sdio_sdcard.o(.data)
    TransferError                            0x20000118   Data           1  bsp_sdio_sdcard.o(.data)
    TransferEnd                              0x2000011c   Data           4  bsp_sdio_sdcard.o(.data)
    bmpres                                   0x20000120   Data           1  bsp_bmp.o(.data)
    __stdout                                 0x20000130   Data           4  stdout.o(.data)
    Task_Delay                               0x20000134   Data          12  main.o(.bss)
    fs                                       0x20000140   Data        4144  main.o(.bss)
    SDCardInfo                               0x200011a0   Data          80  bsp_sdio_sdcard.o(.bss)
    SDIO_InitStructure                       0x200011f0   Data          24  bsp_sdio_sdcard.o(.bss)
    SDIO_CmdInitStructure                    0x20001208   Data          20  bsp_sdio_sdcard.o(.bss)
    SDIO_DataInitStructure                   0x2000121c   Data          24  bsp_sdio_sdcard.o(.bss)
    pColorData                               0x20001234   Data         960  bsp_bmp.o(.bss)
    bmpfsrc                                  0x200015f4   Data        4132  bsp_bmp.o(.bss)
    bmpfdst                                  0x20002618   Data        4132  bsp_bmp.o(.bss)
    __initial_sp                             0x20004640   Data           0  startup_stm32f10x_hd.o(STACK)



==============================================================================

Memory Map of the image

  Image Entry point : 0x08000131

  Load Region LR_IROM1 (Base: 0x08000000, Size: 0x0000a5c8, Max: 0x00080000, ABSOLUTE, COMPRESSED[0x0000a578])

    Execution Region ER_IROM1 (Base: 0x08000000, Size: 0x0000a494, Max: 0x00080000, ABSOLUTE)

    Base Addr    Size         Type   Attr      Idx    E Section Name        Object

    0x08000000   0x00000130   Data   RO            3    RESET               startup_stm32f10x_hd.o
    0x08000130   0x00000000   Code   RO         4387  * .ARM.Collect$$$$00000000  mc_w.l(entry.o)
    0x08000130   0x00000004   Code   RO         4661    .ARM.Collect$$$$00000001  mc_w.l(entry2.o)
    0x08000134   0x00000004   Code   RO         4664    .ARM.Collect$$$$00000004  mc_w.l(entry5.o)
    0x08000138   0x00000000   Code   RO         4666    .ARM.Collect$$$$00000008  mc_w.l(entry7b.o)
    0x08000138   0x00000000   Code   RO         4668    .ARM.Collect$$$$0000000A  mc_w.l(entry8b.o)
    0x08000138   0x00000008   Code   RO         4669    .ARM.Collect$$$$0000000B  mc_w.l(entry9a.o)
    0x08000140   0x00000000   Code   RO         4671    .ARM.Collect$$$$0000000D  mc_w.l(entry10a.o)
    0x08000140   0x00000000   Code   RO         4673    .ARM.Collect$$$$0000000F  mc_w.l(entry11a.o)
    0x08000140   0x00000004   Code   RO         4662    .ARM.Collect$$$$00002712  mc_w.l(entry2.o)
    0x08000144   0x00000024   Code   RO            4    .text               startup_stm32f10x_hd.o
    0x08000168   0x00000024   Code   RO         4390    .text               mc_w.l(memcpya.o)
    0x0800018c   0x000000b0   Code   RO         4655    .text               mf_w.l(fadd.o)
    0x0800023c   0x0000007c   Code   RO         4657    .text               mf_w.l(fdiv.o)
    0x080002b8   0x00000026   Code   RO         4659    .text               mf_w.l(f2d.o)
    0x080002de   0x0000002c   Code   RO         4676    .text               mc_w.l(uidiv.o)
    0x0800030a   0x00000062   Code   RO         4678    .text               mc_w.l(uldiv.o)
    0x0800036c   0x00000000   Code   RO         4680    .text               mc_w.l(iusefp.o)
    0x0800036c   0x0000006e   Code   RO         4681    .text               mf_w.l(fepilogue.o)
    0x080003da   0x0000014e   Code   RO         4683    .text               mf_w.l(dadd.o)
    0x08000528   0x000000e4   Code   RO         4685    .text               mf_w.l(dmul.o)
    0x0800060c   0x000000de   Code   RO         4687    .text               mf_w.l(ddiv.o)
    0x080006ea   0x00000030   Code   RO         4689    .text               mf_w.l(dfixul.o)
    0x0800071a   0x00000002   PAD
    0x0800071c   0x00000030   Code   RO         4691    .text               mf_w.l(cdrcmple.o)
    0x0800074c   0x00000024   Code   RO         4693    .text               mc_w.l(init.o)
    0x08000770   0x0000001e   Code   RO         4695    .text               mc_w.l(llshl.o)
    0x0800078e   0x00000020   Code   RO         4697    .text               mc_w.l(llushr.o)
    0x080007ae   0x00000024   Code   RO         4699    .text               mc_w.l(llsshr.o)
    0x080007d2   0x000000ba   Code   RO         4701    .text               mf_w.l(depilogue.o)
    0x0800088c   0x00000056   Code   RO         4711    .text               mc_w.l(__dczerorl2.o)
    0x080008e2   0x00000004   Code   RO         3174    i.BusFault_Handler  stm32f10x_it.o
    0x080008e6   0x0000002c   Code   RO         3706    i.CmdError          bsp_sdio_sdcard.o
    0x08000912   0x00000002   PAD
    0x08000914   0x00000028   Code   RO         3707    i.CmdResp1Error     bsp_sdio_sdcard.o
    0x0800093c   0x0000004c   Code   RO         3708    i.CmdResp2Error     bsp_sdio_sdcard.o
    0x08000988   0x00000038   Code   RO         3709    i.CmdResp3Error     bsp_sdio_sdcard.o
    0x080009c0   0x0000009c   Code   RO         3710    i.CmdResp6Error     bsp_sdio_sdcard.o
    0x08000a5c   0x0000004c   Code   RO         3711    i.CmdResp7Error     bsp_sdio_sdcard.o
    0x08000aa8   0x0000001c   Code   RO          866    i.DMA_ClearFlag     stm32f10x_dma.o
    0x08000ac4   0x00000018   Code   RO          868    i.DMA_Cmd           stm32f10x_dma.o
    0x08000adc   0x0000002c   Code   RO          871    i.DMA_GetFlagStatus  stm32f10x_dma.o
    0x08000b08   0x0000003c   Code   RO          874    i.DMA_Init          stm32f10x_dma.o
    0x08000b44   0x00000002   Code   RO         3175    i.DebugMon_Handler  stm32f10x_it.o
    0x08000b46   0x00000002   PAD
    0x08000b48   0x0000005c   Code   RO         3176    i.EXTI3_IRQHandler  stm32f10x_it.o
    0x08000ba4   0x0000000c   Code   RO          939    i.EXTI_ClearITPendingBit  stm32f10x_exti.o
    0x08000bb0   0x00000010   Code   RO          941    i.EXTI_GenerateSWInterrupt  stm32f10x_exti.o
    0x08000bc0   0x00000028   Code   RO          943    i.EXTI_GetITStatus  stm32f10x_exti.o
    0x08000be8   0x00000094   Code   RO          944    i.EXTI_Init         stm32f10x_exti.o
    0x08000c7c   0x00000098   Code   RO         3253    i.FIFO_GPIO_Config  bsp_ov7725.o
    0x08000d14   0x00000034   Code   RO         1177    i.FSMC_NORSRAMCmd   stm32f10x_fsmc.o
    0x08000d48   0x000000e6   Code   RO         1179    i.FSMC_NORSRAMInit  stm32f10x_fsmc.o
    0x08000e2e   0x00000002   PAD
    0x08000e30   0x0000019c   Code   RO         3712    i.FindSCR           bsp_sdio_sdcard.o
    0x08000fcc   0x00000050   Code   RO         3713    i.GPIO_Configuration  bsp_sdio_sdcard.o
    0x0800101c   0x00000040   Code   RO         1289    i.GPIO_EXTILineConfig  stm32f10x_gpio.o
    0x0800105c   0x00000116   Code   RO         1292    i.GPIO_Init         stm32f10x_gpio.o
    0x08001172   0x00000012   Code   RO         1296    i.GPIO_ReadInputDataBit  stm32f10x_gpio.o
    0x08001184   0x00000004   Code   RO         1299    i.GPIO_ResetBits    stm32f10x_gpio.o
    0x08001188   0x00000004   Code   RO         1300    i.GPIO_SetBits      stm32f10x_gpio.o
    0x0800118c   0x00000004   Code   RO         3177    i.HardFault_Handler  stm32f10x_it.o
    0x08001190   0x00000024   Code   RO         3399    i.ILI9341_BackLed_Control  bsp_ili9341_lcd.o
    0x080011b4   0x0000002c   Code   RO         3400    i.ILI9341_Clear     bsp_ili9341_lcd.o
    0x080011e0   0x00000012   Code   RO         3401    i.ILI9341_Delay     bsp_ili9341_lcd.o
    0x080011f2   0x00000002   PAD
    0x080011f4   0x00000098   Code   RO         3402    i.ILI9341_DispChar_EN  bsp_ili9341_lcd.o
    0x0800128c   0x00000068   Code   RO         3403    i.ILI9341_DispStringLine_EN  bsp_ili9341_lcd.o
    0x080012f4   0x0000005e   Code   RO         3409    i.ILI9341_FSMC_Config  bsp_ili9341_lcd.o
    0x08001352   0x00000020   Code   RO         3410    i.ILI9341_FillColor  bsp_ili9341_lcd.o
    0x08001372   0x00000002   PAD
    0x08001374   0x00000198   Code   RO         3411    i.ILI9341_GPIO_Config  bsp_ili9341_lcd.o
    0x0800150c   0x00000018   Code   RO         3412    i.ILI9341_GetPointPixel  bsp_ili9341_lcd.o
    0x08001524   0x000000b8   Code   RO         3413    i.ILI9341_GramScan  bsp_ili9341_lcd.o
    0x080015dc   0x00000028   Code   RO         3414    i.ILI9341_Init      bsp_ili9341_lcd.o
    0x08001604   0x00000058   Code   RO         3415    i.ILI9341_OpenWindow  bsp_ili9341_lcd.o
    0x0800165c   0x00000230   Code   RO         3416    i.ILI9341_REG_Config  bsp_ili9341_lcd.o
    0x0800188c   0x0000000c   Code   RO         3417    i.ILI9341_Read_Data  bsp_ili9341_lcd.o
    0x08001898   0x00000036   Code   RO         3418    i.ILI9341_Read_PixelData  bsp_ili9341_lcd.o
    0x080018ce   0x00000002   PAD
    0x080018d0   0x00000028   Code   RO         3419    i.ILI9341_Rst       bsp_ili9341_lcd.o
    0x080018f8   0x00000014   Code   RO         3420    i.ILI9341_SetCursor  bsp_ili9341_lcd.o
    0x0800190c   0x00000008   Code   RO         3422    i.ILI9341_Write_Cmd  bsp_ili9341_lcd.o
    0x08001914   0x0000000c   Code   RO         3423    i.ILI9341_Write_Data  bsp_ili9341_lcd.o
    0x08001920   0x00000074   Code   RO         3254    i.ImagDisp          bsp_ov7725.o
    0x08001994   0x00000040   Code   RO         3645    i.Key_GPIO_Config   bsp_key.o
    0x080019d4   0x00000028   Code   RO         3646    i.Key_Scan          bsp_key.o
    0x080019fc   0x0000000c   Code   RO         3426    i.LCD_GetFont       bsp_ili9341_lcd.o
    0x08001a08   0x00000014   Code   RO         3428    i.LCD_SetColors     bsp_ili9341_lcd.o
    0x08001a1c   0x0000000c   Code   RO         3429    i.LCD_SetFont       bsp_ili9341_lcd.o
    0x08001a28   0x00000060   Code   RO         3609    i.LED_GPIO_Config   bsp_led.o
    0x08001a88   0x00000004   Code   RO         3178    i.MemManage_Handler  stm32f10x_it.o
    0x08001a8c   0x00000002   Code   RO         3179    i.NMI_Handler       stm32f10x_it.o
    0x08001a8e   0x00000028   Code   RO         3715    i.NVIC_Configuration  bsp_sdio_sdcard.o
    0x08001ab6   0x00000002   PAD
    0x08001ab8   0x00000070   Code   RO          137    i.NVIC_Init         misc.o
    0x08001b28   0x00000014   Code   RO          138    i.NVIC_PriorityGroupConfig  misc.o
    0x08001b3c   0x00000068   Code   RO         3255    i.OV7725_Brightness  bsp_ov7725.o
    0x08001ba4   0x0000002e   Code   RO         3256    i.OV7725_Color_Saturation  bsp_ov7725.o
    0x08001bd2   0x00000028   Code   RO         3257    i.OV7725_Contrast   bsp_ov7725.o
    0x08001bfa   0x00000010   Code   RO         3258    i.OV7725_GPIO_Config  bsp_ov7725.o
    0x08001c0a   0x00000002   PAD
    0x08001c0c   0x00000068   Code   RO         3259    i.OV7725_Init       bsp_ov7725.o
    0x08001c74   0x0000011a   Code   RO         3260    i.OV7725_Light_Mode  bsp_ov7725.o
    0x08001d8e   0x000000c4   Code   RO         3261    i.OV7725_Special_Effect  bsp_ov7725.o
    0x08001e52   0x000000e8   Code   RO         3262    i.OV7725_Window_Set  bsp_ov7725.o
    0x08001f3a   0x00000002   Code   RO         3180    i.PendSV_Handler    stm32f10x_it.o
    0x08001f3c   0x00000020   Code   RO         1707    i.RCC_AHBPeriphClockCmd  stm32f10x_rcc.o
    0x08001f5c   0x00000020   Code   RO         1710    i.RCC_APB2PeriphClockCmd  stm32f10x_rcc.o
    0x08001f7c   0x000000d4   Code   RO         1718    i.RCC_GetClocksFreq  stm32f10x_rcc.o
    0x08002050   0x00000038   Code   RO         3335    i.SCCB_Ack          bsp_sccb.o
    0x08002088   0x00000040   Code   RO         3336    i.SCCB_GPIO_Config  bsp_sccb.o
    0x080020c8   0x00000038   Code   RO         3337    i.SCCB_NoAck        bsp_sccb.o
    0x08002100   0x0000007a   Code   RO         3338    i.SCCB_ReadByte     bsp_sccb.o
    0x0800217a   0x00000002   PAD
    0x0800217c   0x00000054   Code   RO         3339    i.SCCB_ReceiveByte  bsp_sccb.o
    0x080021d0   0x00000058   Code   RO         3340    i.SCCB_SendByte     bsp_sccb.o
    0x08002228   0x00000054   Code   RO         3341    i.SCCB_Start        bsp_sccb.o
    0x0800227c   0x00000038   Code   RO         3342    i.SCCB_Stop         bsp_sccb.o
    0x080022b4   0x0000004c   Code   RO         3343    i.SCCB_WaitAck      bsp_sccb.o
    0x08002300   0x00000040   Code   RO         3344    i.SCCB_WriteByte    bsp_sccb.o
    0x08002340   0x00000010   Code   RO         3345    i.SCCB_delay        bsp_sccb.o
    0x08002350   0x0000011c   Code   RO         3716    i.SDEnWideBus       bsp_sdio_sdcard.o
    0x0800246c   0x0000000c   Code   RO         1997    i.SDIO_ClearFlag    stm32f10x_sdio.o
    0x08002478   0x0000000c   Code   RO         1998    i.SDIO_ClearITPendingBit  stm32f10x_sdio.o
    0x08002484   0x0000000c   Code   RO         1999    i.SDIO_ClockCmd     stm32f10x_sdio.o
    0x08002490   0x0000000c   Code   RO         2002    i.SDIO_DMACmd       stm32f10x_sdio.o
    0x0800249c   0x00000030   Code   RO         2003    i.SDIO_DataConfig   stm32f10x_sdio.o
    0x080024cc   0x00000024   Code   RO         2005    i.SDIO_DeInit       stm32f10x_sdio.o
    0x080024f0   0x0000000c   Code   RO         2006    i.SDIO_GetCommandResponse  stm32f10x_sdio.o
    0x080024fc   0x00000018   Code   RO         2009    i.SDIO_GetFlagStatus  stm32f10x_sdio.o
    0x08002514   0x00000010   Code   RO         2011    i.SDIO_GetPowerState  stm32f10x_sdio.o
    0x08002524   0x00000018   Code   RO         2012    i.SDIO_GetResponse  stm32f10x_sdio.o
    0x0800253c   0x00000008   Code   RO         3181    i.SDIO_IRQHandler   stm32f10x_it.o
    0x08002544   0x00000020   Code   RO         2013    i.SDIO_ITConfig     stm32f10x_sdio.o
    0x08002564   0x00000030   Code   RO         2014    i.SDIO_Init         stm32f10x_sdio.o
    0x08002594   0x0000000c   Code   RO         2015    i.SDIO_ReadData     stm32f10x_sdio.o
    0x080025a0   0x0000002c   Code   RO         2017    i.SDIO_SendCommand  stm32f10x_sdio.o
    0x080025cc   0x0000001c   Code   RO         2019    i.SDIO_SetPowerState  stm32f10x_sdio.o
    0x080025e8   0x00000010   Code   RO         3717    i.SD_DMAEndOfTransferStatus  bsp_sdio_sdcard.o
    0x080025f8   0x00000064   Code   RO         3718    i.SD_DMA_RxConfig   bsp_sdio_sdcard.o
    0x0800265c   0x00000064   Code   RO         3719    i.SD_DMA_TxConfig   bsp_sdio_sdcard.o
    0x080026c0   0x00000094   Code   RO         3721    i.SD_EnableWideBusOperation  bsp_sdio_sdcard.o
    0x08002754   0x000002cc   Code   RO         3723    i.SD_GetCardInfo    bsp_sdio_sdcard.o
    0x08002a20   0x0000001a   Code   RO         3725    i.SD_GetState       bsp_sdio_sdcard.o
    0x08002a3a   0x0000001e   Code   RO         3726    i.SD_GetStatus      bsp_sdio_sdcard.o
    0x08002a58   0x00000074   Code   RO         3728    i.SD_Init           bsp_sdio_sdcard.o
    0x08002acc   0x0000013c   Code   RO         3729    i.SD_InitializeCards  bsp_sdio_sdcard.o
    0x08002c08   0x00000188   Code   RO         3731    i.SD_PowerON        bsp_sdio_sdcard.o
    0x08002d90   0x00000058   Code   RO         3732    i.SD_ProcessIRQSrc  bsp_sdio_sdcard.o
    0x08002de8   0x000000e8   Code   RO         3734    i.SD_ReadMultiBlocks  bsp_sdio_sdcard.o
    0x08002ed0   0x00000034   Code   RO         3735    i.SD_SelectDeselect  bsp_sdio_sdcard.o
    0x08002f04   0x00000038   Code   RO         3737    i.SD_SendStatus     bsp_sdio_sdcard.o
    0x08002f3c   0x00000034   Code   RO         3739    i.SD_WaitReadOperation  bsp_sdio_sdcard.o
    0x08002f70   0x0000003c   Code   RO         3740    i.SD_WaitWriteOperation  bsp_sdio_sdcard.o
    0x08002fac   0x00000148   Code   RO         3742    i.SD_WriteMultiBlocks  bsp_sdio_sdcard.o
    0x080030f4   0x00000002   Code   RO         3182    i.SVC_Handler       stm32f10x_it.o
    0x080030f6   0x00000002   PAD
    0x080030f8   0x000001c4   Code   RO         3931    i.Screen_Shot       bsp_bmp.o
    0x080032bc   0x00000008   Code   RO           24    i.SetSysClock       system_stm32f10x.o
    0x080032c4   0x000000e0   Code   RO           25    i.SetSysClockTo72   system_stm32f10x.o
    0x080033a4   0x00000034   Code   RO         3183    i.SysTick_Handler   stm32f10x_it.o
    0x080033d8   0x00000068   Code   RO         3663    i.SysTick_Init      bsp_systick.o
    0x08003440   0x00000060   Code   RO           27    i.SystemInit        system_stm32f10x.o
    0x080034a0   0x00000010   Code   RO         3664    i.TimeStamp_Increment  bsp_systick.o
    0x080034b0   0x00000018   Code   RO         3665    i.TimingDelay_Decrement  bsp_systick.o
    0x080034c8   0x00000018   Code   RO         2878    i.USART_Cmd         stm32f10x_usart.o
    0x080034e0   0x00000080   Code   RO         3621    i.USART_Config      bsp_usart.o
    0x08003560   0x0000001a   Code   RO         2881    i.USART_GetFlagStatus  stm32f10x_usart.o
    0x0800357a   0x00000002   PAD
    0x0800357c   0x000000d8   Code   RO         2885    i.USART_Init        stm32f10x_usart.o
    0x08003654   0x00000008   Code   RO         2895    i.USART_SendData    stm32f10x_usart.o
    0x0800365c   0x00000004   Code   RO         3184    i.UsageFault_Handler  stm32f10x_it.o
    0x08003660   0x0000007c   Code   RO         3264    i.VSYNC_GPIO_Config  bsp_ov7725.o
    0x080036dc   0x00000020   Code   RO         4627    i.__0printf         mc_w.l(printfa.o)
    0x080036fc   0x00000028   Code   RO         4629    i.__0sprintf        mc_w.l(printfa.o)
    0x08003724   0x0000000e   Code   RO         4705    i.__scatterload_copy  mc_w.l(handlers.o)
    0x08003732   0x00000002   Code   RO         4706    i.__scatterload_null  mc_w.l(handlers.o)
    0x08003734   0x0000000e   Code   RO         4707    i.__scatterload_zeroinit  mc_w.l(handlers.o)
    0x08003742   0x00000002   PAD
    0x08003744   0x00000164   Code   RO         4634    i._fp_digits        mc_w.l(printfa.o)
    0x080038a8   0x000006dc   Code   RO         4635    i._printf_core      mc_w.l(printfa.o)
    0x08003f84   0x00000024   Code   RO         4636    i._printf_post_padding  mc_w.l(printfa.o)
    0x08003fa8   0x0000002e   Code   RO         4637    i._printf_pre_padding  mc_w.l(printfa.o)
    0x08003fd6   0x0000000a   Code   RO         4639    i._sputc            mc_w.l(printfa.o)
    0x08003fe0   0x00000090   Code   RO         4020    i.check_fs          ff.o
    0x08004070   0x00000014   Code   RO         4021    i.chk_chr           ff.o
    0x08004084   0x0000001a   Code   RO         4022    i.clust2sect        ff.o
    0x0800409e   0x00000002   PAD
    0x080040a0   0x000000a0   Code   RO         4023    i.cmp_lfn           ff.o
    0x08004140   0x000000d6   Code   RO         4024    i.create_chain      ff.o
    0x08004216   0x00000002   PAD
    0x08004218   0x00000230   Code   RO         4025    i.create_name       ff.o
    0x08004448   0x0000005c   Code   RO         4026    i.dir_alloc         ff.o
    0x080044a4   0x000000ea   Code   RO         4027    i.dir_find          ff.o
    0x0800458e   0x0000013a   Code   RO         4028    i.dir_next          ff.o
    0x080046c8   0x0000012a   Code   RO         4030    i.dir_register      ff.o
    0x080047f2   0x000000c8   Code   RO         4032    i.dir_sdi           ff.o
    0x080048ba   0x0000002a   Code   RO         3971    i.disk_initialize   diskio.o
    0x080048e4   0x00000054   Code   RO         3972    i.disk_ioctl        diskio.o
    0x08004938   0x000000ae   Code   RO         3973    i.disk_read         diskio.o
    0x080049e6   0x0000001c   Code   RO         3974    i.disk_status       diskio.o
    0x08004a02   0x000000b4   Code   RO         3975    i.disk_write        diskio.o
    0x08004ab6   0x00000020   Code   RO         4034    i.f_close           ff.o
    0x08004ad6   0x00000002   PAD
    0x08004ad8   0x0000005c   Code   RO         4041    i.f_mount           ff.o
    0x08004b34   0x0000017e   Code   RO         4042    i.f_open            ff.o
    0x08004cb2   0x000000b0   Code   RO         4051    i.f_sync            ff.o
    0x08004d62   0x0000020c   Code   RO         4055    i.f_write           ff.o
    0x08004f6e   0x00000002   PAD
    0x08004f70   0x0000004c   Code   RO         4352    i.ff_convert        ccsbcs.o
    0x08004fbc   0x0000005c   Code   RO         4353    i.ff_wtoupper       ccsbcs.o
    0x08005018   0x000003d8   Code   RO         4056    i.find_volume       ff.o
    0x080053f0   0x00000080   Code   RO         4057    i.fit_lfn           ff.o
    0x08005470   0x00000090   Code   RO         4058    i.follow_path       ff.o
    0x08005500   0x00000024   Code   RO         3623    i.fputc             bsp_usart.o
    0x08005524   0x000000b4   Code   RO         4059    i.gen_numname       ff.o
    0x080055d8   0x0000013e   Code   RO         4060    i.get_fat           ff.o
    0x08005716   0x00000002   PAD
    0x08005718   0x00000008   Code   RO         3976    i.get_fattime       diskio.o
    0x08005720   0x0000004a   Code   RO         4062    i.get_ldnumber      ff.o
    0x0800576a   0x00000020   Code   RO         4063    i.ld_clust          ff.o
    0x0800578a   0x00000002   PAD
    0x0800578c   0x0000041c   Code   RO         3108    i.main              main.o
    0x08005ba8   0x00000026   Code   RO         4064    i.mem_cmp           ff.o
    0x08005bce   0x0000001a   Code   RO         4065    i.mem_cpy           ff.o
    0x08005be8   0x00000014   Code   RO         4066    i.mem_set           ff.o
    0x08005bfc   0x00000034   Code   RO         4067    i.move_window       ff.o
    0x08005c30   0x00000188   Code   RO         4069    i.put_fat           ff.o
    0x08005db8   0x0000006c   Code   RO         4071    i.remove_chain      ff.o
    0x08005e24   0x00000010   Code   RO         4072    i.st_clust          ff.o
    0x08005e34   0x00000020   Code   RO         4073    i.sum_sfn           ff.o
    0x08005e54   0x000000c8   Code   RO         4074    i.sync_fs           ff.o
    0x08005f1c   0x00000052   Code   RO         4075    i.sync_window       ff.o
    0x08005f6e   0x00000032   Code   RO         4076    i.validate          ff.o
    0x08005fa0   0x00003b60   Data   RO         3596    .constdata          fonts.o
    0x08009b00   0x000000ba   Data   RO         4077    .constdata          ff.o
    0x08009bba   0x000008b8   Data   RO         4354    .constdata          ccsbcs.o
    0x0800a472   0x00000002   PAD
    0x0800a474   0x00000020   Data   RO         4703    Region$$Table       anon$$obj.o


    Execution Region RW_IRAM1 (Base: 0x20000000, Size: 0x00004640, Max: 0x00010000, ABSOLUTE, COMPRESSED[0x000000e4])

    Base Addr    Size         Type   Attr      Idx    E Section Name        Object

    0x20000000   0x00000014   Data   RW           28    .data               system_stm32f10x.o
    0x20000014   0x00000014   Data   RW         1738    .data               stm32f10x_rcc.o
    0x20000028   0x00000002   Data   RW         3110    .data               main.o
    0x2000002a   0x000000b0   Data   RW         3265    .data               bsp_ov7725.o
    0x200000da   0x00000002   PAD
    0x200000dc   0x00000010   Data   RW         3431    .data               bsp_ili9341_lcd.o
    0x200000ec   0x00000018   Data   RW         3597    .data               fonts.o
    0x20000104   0x00000008   Data   RW         3668    .data               bsp_systick.o
    0x2000010c   0x00000014   Data   RW         3745    .data               bsp_sdio_sdcard.o
    0x20000120   0x00000001   Data   RW         3935    .data               bsp_bmp.o
    0x20000121   0x00000003   PAD
    0x20000124   0x0000000a   Data   RW         4078    .data               ff.o
    0x2000012e   0x00000002   PAD
    0x20000130   0x00000004   Data   RW         4675    .data               mc_w.l(stdout.o)
    0x20000134   0x0000103c   Zero   RW         3109    .bss                main.o
    0x20001170   0x000000c4   Zero   RW         3744    .bss                bsp_sdio_sdcard.o
    0x20001234   0x00002408   Zero   RW         3934    .bss                bsp_bmp.o
    0x2000363c   0x00000004   PAD
    0x20003640   0x00001000   Zero   RW            1    STACK               startup_stm32f10x_hd.o


==============================================================================

Image component sizes


      Code (inc. data)   RO Data    RW Data    ZI Data      Debug   Object Name

       452         64          0          1       9224       7294   bsp_bmp.o
      1974        106          0         16          0      15076   bsp_ili9341_lcd.o
       104         10          0          0          0       1609   bsp_key.o
        96          6          0          0          0        602   bsp_led.o
      1412         62          0        176          0       8571   bsp_ov7725.o
       766         34          0          0          0       6996   bsp_sccb.o
      4092        284          0         20        196      23800   bsp_sdio_sdcard.o
       144         22          0          8          0      17780   bsp_systick.o
       164         12          0          0          0       1307   bsp_usart.o
       168         14       2232          0          0       2763   ccsbcs.o
         0          0          0          0          0       4504   core_cm3.o
       516         10          0          0          0       6129   diskio.o
      6344         70        186         10          0      37990   ff.o
         0          0      15200         24          0       1521   fonts.o
      1052        366          0          2       4156      14685   main.o
       132         22          0          0          0       1767   misc.o
        36          8        304          0       4096        920   startup_stm32f10x_hd.o
       156         18          0          0          0       4269   stm32f10x_dma.o
       216         22          0          0          0       2999   stm32f10x_exti.o
       282          6          0          0          0       2041   stm32f10x_fsmc.o
       368          4          0          0          0       4706   stm32f10x_gpio.o
       176         20          0          0          0      11755   stm32f10x_it.o
       276         32          0         20          0       4805   stm32f10x_rcc.o
       372         86          0          0          0      10863   stm32f10x_sdio.o
       274          6          0          0          0       4364   stm32f10x_usart.o
       328         28          0         20          0     260601   system_stm32f10x.o

    ----------------------------------------------------------------------
     19934       1312      17956        304      17676     459717   Object Totals
         0          0         32          0          0          0   (incl. Generated)
        34          0          2          7          4          0   (incl. Padding)

    ----------------------------------------------------------------------

      Code (inc. data)   RO Data    RW Data    ZI Data      Debug   Library Member Name

        86          0          0          0          0          0   __dczerorl2.o
         0          0          0          0          0          0   entry.o
         0          0          0          0          0          0   entry10a.o
         0          0          0          0          0          0   entry11a.o
         8          4          0          0          0          0   entry2.o
         4          0          0          0          0          0   entry5.o
         0          0          0          0          0          0   entry7b.o
         0          0          0          0          0          0   entry8b.o
         8          4          0          0          0          0   entry9a.o
        30          0          0          0          0          0   handlers.o
        36          8          0          0          0         68   init.o
         0          0          0          0          0          0   iusefp.o
        30          0          0          0          0         68   llshl.o
        36          0          0          0          0         68   llsshr.o
        32          0          0          0          0         68   llushr.o
        36          0          0          0          0         68   memcpya.o
      2276         96          0          0          0        596   printfa.o
         0          0          0          4          0          0   stdout.o
        44          0          0          0          0         80   uidiv.o
        98          0          0          0          0         92   uldiv.o
        48          0          0          0          0         68   cdrcmple.o
       334          0          0          0          0        148   dadd.o
       222          0          0          0          0        100   ddiv.o
       186          0          0          0          0        176   depilogue.o
        48          0          0          0          0         68   dfixul.o
       228          0          0          0          0         96   dmul.o
        38          0          0          0          0         68   f2d.o
       176          0          0          0          0        140   fadd.o
       124          0          0          0          0         88   fdiv.o
       110          0          0          0          0        168   fepilogue.o

    ----------------------------------------------------------------------
      4242        112          0          4          0       2228   Library Totals
         4          0          0          0          0          0   (incl. Padding)

    ----------------------------------------------------------------------

      Code (inc. data)   RO Data    RW Data    ZI Data      Debug   Library Name

      2724        112          0          4          0       1108   mc_w.l
      1514          0          0          0          0       1120   mf_w.l

    ----------------------------------------------------------------------
      4242        112          0          4          0       2228   Library Totals

    ----------------------------------------------------------------------

==============================================================================


      Code (inc. data)   RO Data    RW Data    ZI Data      Debug   

     24176       1424      17956        308      17676     452193   Grand Totals
     24176       1424      17956        228      17676     452193   ELF Image Totals (compressed)
     24176       1424      17956        228          0          0   ROM Totals

==============================================================================

    Total RO  Size (Code + RO Data)                42132 (  41.14kB)
    Total RW  Size (RW Data + ZI Data)             17984 (  17.56kB)
    Total ROM Size (Code + RO Data + RW Data)      42360 (  41.37kB)

==============================================================================

