<html>
<body>
<pre>
<h1>礦ision Build Log</h1>
<h2>Tool Versions:</h2>
IDE-Version: μVision V5.15
Copyright (C) 2015 ARM Ltd and ARM Germany GmbH. All rights reserved.
License Information:  ,  , LIC=D0D8T-RCADQ-NNAAF-6Z8K2-FA8ND-07DK4
 
Tool Versions:
Toolchain:       MDK-ARM Standard  Version: 5.15.0
Toolchain Path:  C:\Keil_v5\ARM\ARMCC\Bin
C Compiler:      Armcc.exe V5.05 update 2 (build 169)
Assembler:       Armasm.exe V5.05 update 2 (build 169)
Linker/Locator:  ArmLink.exe V5.05 update 2 (build 169)
Library Manager: ArmAr.exe V5.05 update 2 (build 169)
Hex Converter:   FromElf.exe V5.05 update 2 (build 169)
CPU DLL:         SARMCM3.DLL V5.15.0
Dialog DLL:      DCM.DLL V1.13.2.0
Target DLL:      CMSIS_AGDI.dll V1.21.12.0
Dialog DLL:      TCM.DLL V1.14.5.0
 
<h2>Project:</h2>
G:\GIT_OSC\STM32_develop\摄像头\develop\OV7725\2.开发板配套例程\F103指南者版本\1.液晶实时显示\Project\RVMDK（uv4）\BH-F103.uvprojx
Project File Date:  11/25/2016

<h2>Output:</h2>
*** Using Compiler 'V5.05 update 2 (build 169)', folder: 'C:\Keil_v5\ARM\ARMCC\Bin'
Build target '摄像头—OV7725'
compiling main.c...
compiling stm32f10x_it.c...
compiling bsp_ov7725.c...
linking...
Program Size: Code=11544 RO-data=15536 RW-data=268 ZI-data=4108  
FromELF: creating hex file...
"..\..\Output\OV7725.axf" - 0 Error(s), 0 Warning(s).

<h2>Collection of Component include folders:</h2>
  G:\GIT_OSC\STM32_develop\摄像头\develop\OV7725\2.开发板配套例程\F103指南者版本\1.液晶实时显示\Project\RVMDK（uv4）\RTE
  C:\Keil_v5\ARM\PACK\Keil\STM32F1xx_DFP\1.1.0\Device\Include

<h2>Collection of Component Files used:</h2>
</pre>
</body>
</html>
